/venv/main/lib/python3.12/site-packages/torch/include/ATen/cuda/Atomic.cuh(405): warning #20013-D: calling a constexpr __host__ function("max") from a __host__ __device__ function("safe_max") is not allowed. The experimental flag '--expt-relaxed-constexpr' can be used to allow this.
      T max = at::_isnan(b) ? b : std::max<T>(a, b);
                                  ^
          detected during instantiation of "T safe_max(T, T) [with T=uint8_t]" at line 412

Remark: The warnings can be suppressed with "-diag-suppress <warning-number>"

/venv/main/lib/python3.12/site-packages/torch/include/ATen/cuda/Atomic.cuh(405): warning #20013-D: calling a constexpr __host__ function("max") from a __host__ __device__ function("safe_max") is not allowed. The experimental flag '--expt-relaxed-constexpr' can be used to allow this.
      T max = at::_isnan(b) ? b : std::max<T>(a, b);
                                  ^
          detected during instantiation of "T safe_max(T, T) [with T=int8_t]" at line 413

/venv/main/lib/python3.12/site-packages/torch/include/ATen/cuda/Atomic.cuh(405): warning #20013-D: calling a constexpr __host__ function("max") from a __host__ __device__ function("safe_max") is not allowed. The experimental flag '--expt-relaxed-constexpr' can be used to allow this.
      T max = at::_isnan(b) ? b : std::max<T>(a, b);
                                  ^
          detected during instantiation of "T safe_max(T, T) [with T=int16_t]" at line 414

/venv/main/lib/python3.12/site-packages/torch/include/ATen/cuda/Atomic.cuh(405): warning #20013-D: calling a constexpr __host__ function("max") from a __host__ __device__ function("safe_max") is not allowed. The experimental flag '--expt-relaxed-constexpr' can be used to allow this.
      T max = at::_isnan(b) ? b : std::max<T>(a, b);
                                  ^
          detected during instantiation of "T safe_max(T, T) [with T=int32_t]" at line 415

/venv/main/lib/python3.12/site-packages/torch/include/ATen/cuda/Atomic.cuh(405): warning #20013-D: calling a constexpr __host__ function("max") from a __host__ __device__ function("safe_max") is not allowed. The experimental flag '--expt-relaxed-constexpr' can be used to allow this.
      T max = at::_isnan(b) ? b : std::max<T>(a, b);
                                  ^
          detected during instantiation of "T safe_max(T, T) [with T=int64_t]" at line 416

/venv/main/lib/python3.12/site-packages/torch/include/ATen/cuda/Atomic.cuh(405): warning #20013-D: calling a constexpr __host__ function("max") from a __host__ __device__ function("safe_max") is not allowed. The experimental flag '--expt-relaxed-constexpr' can be used to allow this.
      T max = at::_isnan(b) ? b : std::max<T>(a, b);
                                  ^
          detected during instantiation of "T safe_max(T, T) [with T=c10::Half]" at line 421

/venv/main/lib/python3.12/site-packages/torch/include/ATen/cuda/Atomic.cuh(405): warning #20013-D: calling a constexpr __host__ function("max") from a __host__ __device__ function("safe_max") is not allowed. The experimental flag '--expt-relaxed-constexpr' can be used to allow this.
      T max = at::_isnan(b) ? b : std::max<T>(a, b);
                                  ^
          detected during instantiation of "T safe_max(T, T) [with T=c10::BFloat16]" at line 428

/venv/main/lib/python3.12/site-packages/torch/include/ATen/cuda/Atomic.cuh(405): warning #20013-D: calling a constexpr __host__ function("max") from a __host__ __device__ function("safe_max") is not allowed. The experimental flag '--expt-relaxed-constexpr' can be used to allow this.
      T max = at::_isnan(b) ? b : std::max<T>(a, b);
                                  ^
          detected during instantiation of "T safe_max(T, T) [with T=double]" at line 435

/venv/main/lib/python3.12/site-packages/torch/include/ATen/cuda/Atomic.cuh(405): warning #20013-D: calling a constexpr __host__ function("max") from a __host__ __device__ function("safe_max") is not allowed. The experimental flag '--expt-relaxed-constexpr' can be used to allow this.
      T max = at::_isnan(b) ? b : std::max<T>(a, b);
                                  ^
          detected during instantiation of "T safe_max(T, T) [with T=float]" at line 448

/venv/main/lib/python3.12/site-packages/torch/include/ATen/cuda/Atomic.cuh(465): warning #20013-D: calling a constexpr __host__ function("min") from a __host__ __device__ function("safe_min") is not allowed. The experimental flag '--expt-relaxed-constexpr' can be used to allow this.
      T min = at::_isnan(b) ? b : std::min<T>(a, b);
                                  ^
          detected during instantiation of "T safe_min(T, T) [with T=uint8_t]" at line 472

/venv/main/lib/python3.12/site-packages/torch/include/ATen/cuda/Atomic.cuh(465): warning #20013-D: calling a constexpr __host__ function("min") from a __host__ __device__ function("safe_min") is not allowed. The experimental flag '--expt-relaxed-constexpr' can be used to allow this.
      T min = at::_isnan(b) ? b : std::min<T>(a, b);
                                  ^
          detected during instantiation of "T safe_min(T, T) [with T=int8_t]" at line 473

/venv/main/lib/python3.12/site-packages/torch/include/ATen/cuda/Atomic.cuh(465): warning #20013-D: calling a constexpr __host__ function("min") from a __host__ __device__ function("safe_min") is not allowed. The experimental flag '--expt-relaxed-constexpr' can be used to allow this.
      T min = at::_isnan(b) ? b : std::min<T>(a, b);
                                  ^
          detected during instantiation of "T safe_min(T, T) [with T=int16_t]" at line 474

/venv/main/lib/python3.12/site-packages/torch/include/ATen/cuda/Atomic.cuh(465): warning #20013-D: calling a constexpr __host__ function("min") from a __host__ __device__ function("safe_min") is not allowed. The experimental flag '--expt-relaxed-constexpr' can be used to allow this.
      T min = at::_isnan(b) ? b : std::min<T>(a, b);
                                  ^
          detected during instantiation of "T safe_min(T, T) [with T=int32_t]" at line 475

/venv/main/lib/python3.12/site-packages/torch/include/ATen/cuda/Atomic.cuh(465): warning #20013-D: calling a constexpr __host__ function("min") from a __host__ __device__ function("safe_min") is not allowed. The experimental flag '--expt-relaxed-constexpr' can be used to allow this.
      T min = at::_isnan(b) ? b : std::min<T>(a, b);
                                  ^
          detected during instantiation of "T safe_min(T, T) [with T=int64_t]" at line 476

/venv/main/lib/python3.12/site-packages/torch/include/ATen/cuda/Atomic.cuh(465): warning #20013-D: calling a constexpr __host__ function("min") from a __host__ __device__ function("safe_min") is not allowed. The experimental flag '--expt-relaxed-constexpr' can be used to allow this.
      T min = at::_isnan(b) ? b : std::min<T>(a, b);
                                  ^
          detected during instantiation of "T safe_min(T, T) [with T=c10::Half]" at line 481

/venv/main/lib/python3.12/site-packages/torch/include/ATen/cuda/Atomic.cuh(465): warning #20013-D: calling a constexpr __host__ function("min") from a __host__ __device__ function("safe_min") is not allowed. The experimental flag '--expt-relaxed-constexpr' can be used to allow this.
      T min = at::_isnan(b) ? b : std::min<T>(a, b);
                                  ^
          detected during instantiation of "T safe_min(T, T) [with T=c10::BFloat16]" at line 488

/venv/main/lib/python3.12/site-packages/torch/include/ATen/cuda/Atomic.cuh(465): warning #20013-D: calling a constexpr __host__ function("min") from a __host__ __device__ function("safe_min") is not allowed. The experimental flag '--expt-relaxed-constexpr' can be used to allow this.
      T min = at::_isnan(b) ? b : std::min<T>(a, b);
                                  ^
          detected during instantiation of "T safe_min(T, T) [with T=double]" at line 495

/venv/main/lib/python3.12/site-packages/torch/include/ATen/cuda/Atomic.cuh(465): warning #20013-D: calling a constexpr __host__ function("min") from a __host__ __device__ function("safe_min") is not allowed. The experimental flag '--expt-relaxed-constexpr' can be used to allow this.
      T min = at::_isnan(b) ? b : std::min<T>(a, b);
                                  ^
          detected during instantiation of "T safe_min(T, T) [with T=float]" at line 508

csrc/moe/moe_align_sum_kernels.cu(211): warning #177-D: variable "lane_id" was declared but never referenced
    const int lane_id = threadIdx.x % 32;
              ^

