/usr/local/lib/python3.12/dist-packages/torch/profiler/profiler.py:224: UserWarning: Warning: Profiler clears events at the end of each cycle.Only events from the current cycle will be reported.To keep events across cycles, set acc_events=True.
  _warn_once(
Running Blackwell Persistent Dense GEMM test with:
mnkl: (512, 768, 512, 1)
Tolerance: 0.1
Warmup iterations: 0
Iterations: 1
Skip reference checking: False
Use cold L2: False
Running Blackwell Persistent Dense GEMM test with:
mnkl: (513, 776, 520, 1)
Tolerance: 0.1
Warmup iterations: 0
Iterations: 1
Skip reference checking: False
Use cold L2: False
Running Blackwell Persistent Dense GEMM test with:
mnkl: (264, 264, 129, 1)
Tolerance: 0.1
Warmup iterations: 0
Iterations: 1
Skip reference checking: False
Use cold L2: False
Running Blackwell Persistent Dense GEMM test with:
mnkl: (512, 768, 512, 1)
Tolerance: 0.1
Warmup iterations: 0
Iterations: 1
Skip reference checking: True
Use cold L2: False
Running Blackwell Persistent Dense GEMM test with:
mnkl: (4096, 4096, 4096, 1)
Tolerance: 0.1
Warmup iterations: 5
Iterations: 30
Skip reference checking: True
Use cold L2: False
Running Blackwell Persistent Dense GEMM test with:
mnkl: (4096, 4096, 4096, 1)
Tolerance: 0.1
Warmup iterations: 5
Iterations: 30
Skip reference checking: True
Use cold L2: False
Running Blackwell Persistent Dense GEMM test with:
mnkl: (4096, 4096, 4096, 1)
Tolerance: 0.1
Warmup iterations: 5
Iterations: 30
Skip reference checking: True
Use cold L2: False
Running Blackwell Persistent Dense GEMM test with:
mnkl: (512, 768, 512, 1)
Tolerance: 0.1
Warmup iterations: 5
Iterations: 30
Skip reference checking: True
Use cold L2: False
Running Blackwell Persistent Dense GEMM test with:
mnkl: (512, 768, 512, 1)
Tolerance: 0.1
Warmup iterations: 5
Iterations: 30
Skip reference checking: True
Use cold L2: False
Running Blackwell Persistent Dense GEMM test with:
mnkl: (512, 768, 512, 1)
Tolerance: 0.1
Warmup iterations: 5
Iterations: 30
Skip reference checking: True
Use cold L2: False
Running Blackwell Persistent Dense GEMM test with:
mnkl: (512, 768, 512, 1)
Tolerance: 0.1
Warmup iterations: 5
Iterations: 3000
Skip reference checking: True
Use cold L2: False
Compile Blackwell Persistent Dense GEMM with:
ab_dtype: Float16, c_dtype: Float16, acc_dtype: Float32
a_major: k, b_major: k, c_major: n
mma_tiler_mn: (128, 128), cluster_shape_mn: (1, 1)
use_2cta_instrs: False, use_tma_store: True
Running Blackwell Persistent Dense GEMM test with:
mnkl: (512, 768, 512, 1)
Tolerance: 0.1
Warmup iterations: 0
Iterations: 1
Skip reference checking: False
Use cold L2: False
Compile Blackwell Persistent Dense GEMM with:
ab_dtype: Float16, c_dtype: Float16, acc_dtype: Float32
a_major: k, b_major: k, c_major: n
mma_tiler_mn: (128, 128), cluster_shape_mn: (1, 1)
use_2cta_instrs: False, use_tma_store: True
Running Blackwell Persistent Dense GEMM test with:
mnkl: (513, 776, 520, 1)
Tolerance: 0.1
Warmup iterations: 0
Iterations: 1
Skip reference checking: False
Use cold L2: False
Compile Blackwell Persistent Dense GEMM with:
ab_dtype: Float16, c_dtype: Float16, acc_dtype: Float32
a_major: m, b_major: n, c_major: m
mma_tiler_mn: (128, 128), cluster_shape_mn: (1, 1)
use_2cta_instrs: False, use_tma_store: True
Running Blackwell Persistent Dense GEMM test with:
mnkl: (264, 264, 129, 1)
Tolerance: 0.1
Warmup iterations: 0
Iterations: 1
Skip reference checking: False
Use cold L2: False
Compile Blackwell Persistent Dense GEMM with:
ab_dtype: Float16, c_dtype: Float16, acc_dtype: Float32
a_major: k, b_major: k, c_major: n
mma_tiler_mn: (128, 128), cluster_shape_mn: (1, 1)
use_2cta_instrs: False, use_tma_store: True
Running Blackwell Persistent Dense GEMM test with:
mnkl: (512, 768, 512, 1)
Tolerance: 0.1
Warmup iterations: 0
Iterations: 1
Skip reference checking: True
Use cold L2: False
Compile Blackwell Persistent Dense GEMM with:
ab_dtype: Float16, c_dtype: Float16, acc_dtype: Float32
a_major: k, b_major: k, c_major: n
mma_tiler_mn: (128, 128), cluster_shape_mn: (1, 1)
use_2cta_instrs: False, use_tma_store: True
Running Blackwell Persistent Dense GEMM test with:
mnkl: (4096, 4096, 4096, 1)
Tolerance: 0.1
Warmup iterations: 5
Iterations: 30
Skip reference checking: True
Use cold L2: False
Compile Blackwell Persistent Dense GEMM with:
ab_dtype: Float16, c_dtype: Float16, acc_dtype: Float32
a_major: k, b_major: k, c_major: n
mma_tiler_mn: (128, 128), cluster_shape_mn: (1, 1)
use_2cta_instrs: False, use_tma_store: True
Running Blackwell Persistent Dense GEMM test with:
mnkl: (4096, 4096, 4096, 1)
Tolerance: 0.1
Warmup iterations: 5
Iterations: 30
Skip reference checking: True
Use cold L2: False
Compile Blackwell Persistent Dense GEMM with:
ab_dtype: Float16, c_dtype: Float16, acc_dtype: Float32
a_major: k, b_major: k, c_major: n
mma_tiler_mn: (128, 128), cluster_shape_mn: (1, 1)
use_2cta_instrs: False, use_tma_store: True
Running Blackwell Persistent Dense GEMM test with:
mnkl: (4096, 4096, 4096, 1)
Tolerance: 0.1
Warmup iterations: 5
Iterations: 30
Skip reference checking: True
Use cold L2: False
Running Blackwell Persistent Dense GEMM test with:
mnkl: (4096, 4096, 4096, 1)
Tolerance: 0.1
Warmup iterations: 5
Iterations: 30
Skip reference checking: True
Use cold L2: False
Running Blackwell Persistent Dense GEMM test with:
mnkl: (4096, 4096, 4096, 1)
Tolerance: 0.1
Warmup iterations: 5
Iterations: 30
Skip reference checking: True
Use cold L2: False
Running Blackwell Persistent Dense GEMM test with:
mnkl: (4096, 4096, 4096, 1)
Tolerance: 0.1
Warmup iterations: 5
Iterations: 30
Skip reference checking: True
Use cold L2: False
Compile Blackwell Persistent Dense GEMM with:
ab_dtype: Float16, c_dtype: Float16, acc_dtype: Float32
a_major: k, b_major: k, c_major: n
mma_tiler_mn: (128, 128), cluster_shape_mn: (1, 1)
use_2cta_instrs: False, use_tma_store: True
Running Blackwell Persistent Dense GEMM test with:
mnkl: (4224, 4096, 4096, 1)
Tolerance: 0.1
Warmup iterations: 5
Iterations: 30
Skip reference checking: True
Use cold L2: False
Compile Blackwell Persistent Dense GEMM with:
ab_dtype: Float16, c_dtype: Float16, acc_dtype: Float32
a_major: k, b_major: k, c_major: n
mma_tiler_mn: (128, 128), cluster_shape_mn: (1, 1)
use_2cta_instrs: False, use_tma_store: True
Running Blackwell Persistent Dense GEMM test with:
mnkl: (4224, 4096, 4096, 1)
Tolerance: 0.1
Warmup iterations: 5
Iterations: 30
Skip reference checking: True
Use cold L2: False
Compile Blackwell Persistent Dense GEMM with:
ab_dtype: Float16, c_dtype: Float16, acc_dtype: Float32
a_major: k, b_major: k, c_major: n
mma_tiler_mn: (128, 128), cluster_shape_mn: (1, 1)
use_2cta_instrs: False, use_tma_store: True
Running Blackwell Persistent Dense GEMM test with:
mnkl: (4224, 4096, 4096, 1)
Tolerance: 0.1
Warmup iterations: 5
Iterations: 30
Skip reference checking: True
Use cold L2: False
Running Blackwell Persistent Dense GEMM test with:
mnkl: (4224, 4096, 4096, 1)
Tolerance: 0.1
Warmup iterations: 5
Iterations: 30
Skip reference checking: True
Use cold L2: False
Running Blackwell Persistent Dense GEMM test with:
mnkl: (4224, 4096, 4096, 1)
Tolerance: 0.1
Warmup iterations: 5
Iterations: 30
Skip reference checking: True
Use cold L2: False
Running Blackwell Persistent Dense GEMM test with:
mnkl: (4224, 4096, 4096, 1)
Tolerance: 0.1
Warmup iterations: 5
Iterations: 30
Skip reference checking: True
Use cold L2: False
Running Blackwell Persistent Dense GEMM test with:
mnkl: (512, 768, 512, 1)
Tolerance: 0.1
Warmup iterations: 0
Iterations: 1
Skip reference checking: False
Use cold L2: False
Running Blackwell Persistent Dense GEMM test with:
mnkl: (513, 776, 520, 1)
Tolerance: 0.1
Warmup iterations: 0
Iterations: 1
Skip reference checking: False
Use cold L2: False
Running Blackwell Persistent Dense GEMM test with:
mnkl: (512, 768, 512, 1)
Tolerance: 0.1
Warmup iterations: 0
Iterations: 1
Skip reference checking: True
Use cold L2: False
Running Blackwell Persistent Dense GEMM test with:
mnkl: (4096, 4096, 4096, 1)
Tolerance: 0.1
Warmup iterations: 5
Iterations: 30
Skip reference checking: True
Use cold L2: False
Running Blackwell Persistent Dense GEMM test with:
mnkl: (4096, 4096, 4096, 1)
Tolerance: 0.1
Warmup iterations: 5
Iterations: 30
Skip reference checking: True
Use cold L2: False
Running Blackwell Persistent Dense GEMM test with:
mnkl: (4096, 4096, 4096, 1)
Tolerance: 0.1
Warmup iterations: 5
Iterations: 30
Skip reference checking: True
Use cold L2: False
Running Blackwell Persistent Dense GEMM test with:
mnkl: (4096, 4096, 4096, 1)
Tolerance: 0.1
Warmup iterations: 5
Iterations: 30
Skip reference checking: True
Use cold L2: False
Running Blackwell Persistent Dense GEMM test with:
mnkl: (4096, 4096, 4096, 1)
Tolerance: 0.1
Warmup iterations: 5
Iterations: 30
Skip reference checking: True
Use cold L2: False
Running Blackwell Persistent Dense GEMM test with:
mnkl: (4096, 4096, 4096, 1)
Tolerance: 0.1
Warmup iterations: 5
Iterations: 30
Skip reference checking: True
Use cold L2: False
{"status": "passed", "replay_index": 2}
