{
  "benchmark": "sglang-graph-lora-b-cuda-graph-v1",
  "correctness": [
    {
      "case_id": "control-slots1-fp16",
      "cuda_graph_dynamic_replay": {
        "all_finite": true,
        "atol": 0.025,
        "max_abs_error": 4.472583532333374e-05,
        "mean_abs_error": 3.766528607229702e-06,
        "passed": true,
        "rtol": 0.015
      },
      "cuda_graph_first_replay": {
        "all_finite": true,
        "atol": 0.025,
        "max_abs_error": 3.542006015777588e-05,
        "mean_abs_error": 3.647124913186417e-06,
        "passed": true,
        "rtol": 0.015
      },
      "eager": {
        "all_finite": true,
        "atol": 0.025,
        "base_output_alias": true,
        "max_abs_error": 4.147738218307495e-05,
        "mean_abs_error": 3.857371211779537e-06,
        "passed": true,
        "rtol": 0.015
      }
    },
    {
      "case_id": "control-slots3-bf16",
      "cuda_graph_dynamic_replay": {
        "all_finite": true,
        "atol": 0.08,
        "max_abs_error": 0.00036303699016571045,
        "mean_abs_error": 3.512096736812964e-05,
        "passed": true,
        "rtol": 0.04
      },
      "cuda_graph_first_replay": {
        "all_finite": true,
        "atol": 0.08,
        "max_abs_error": 0.000476837158203125,
        "mean_abs_error": 3.5811637644656e-05,
        "passed": true,
        "rtol": 0.04
      },
      "eager": {
        "all_finite": true,
        "atol": 0.08,
        "base_output_alias": true,
        "max_abs_error": 0.0003633946180343628,
        "mean_abs_error": 3.4436943678883836e-05,
        "passed": true,
        "rtol": 0.04
      }
    },
    {
      "case_id": "decode-slots4-r16-fp16",
      "cuda_graph_dynamic_replay": {
        "all_finite": true,
        "atol": 0.025,
        "max_abs_error": 3.042072057723999e-05,
        "mean_abs_error": 3.2116156489792047e-06,
        "passed": true,
        "rtol": 0.015
      },
      "cuda_graph_first_replay": {
        "all_finite": true,
        "atol": 0.025,
        "max_abs_error": 3.018975257873535e-05,
        "mean_abs_error": 3.230200945836259e-06,
        "passed": true,
        "rtol": 0.015
      },
      "eager": {
        "all_finite": true,
        "atol": 0.025,
        "base_output_alias": true,
        "max_abs_error": 3.042072057723999e-05,
        "mean_abs_error": 3.1061033496371238e-06,
        "passed": true,
        "rtol": 0.015
      }
    },
    {
      "case_id": "batch-slots4-r32-bf16",
      "cuda_graph_dynamic_replay": {
        "all_finite": true,
        "atol": 0.08,
        "max_abs_error": 0.0002440139651298523,
        "mean_abs_error": 2.7382897314964794e-05,
        "passed": true,
        "rtol": 0.04
      },
      "cuda_graph_first_replay": {
        "all_finite": true,
        "atol": 0.08,
        "max_abs_error": 0.00024397671222686768,
        "mean_abs_error": 2.7248377591604367e-05,
        "passed": true,
        "rtol": 0.04
      },
      "eager": {
        "all_finite": true,
        "atol": 0.08,
        "base_output_alias": true,
        "max_abs_error": 0.00024409592151641846,
        "mean_abs_error": 2.7181165933143348e-05,
        "passed": true,
        "rtol": 0.04
      }
    },
    {
      "case_id": "qkv-slots4-r32-fp16",
      "cuda_graph_dynamic_replay": {
        "all_finite": true,
        "atol": 0.025,
        "max_abs_error": 3.0502676963806152e-05,
        "mean_abs_error": 3.438230123720132e-06,
        "passed": true,
        "rtol": 0.015
      },
      "cuda_graph_first_replay": {
        "all_finite": true,
        "atol": 0.025,
        "max_abs_error": 3.0517578125e-05,
        "mean_abs_error": 3.449649284448242e-06,
        "passed": true,
        "rtol": 0.015
      },
      "eager": {
        "all_finite": true,
        "atol": 0.025,
        "base_output_alias": true,
        "max_abs_error": 3.0502676963806152e-05,
        "mean_abs_error": 3.471932132015354e-06,
        "passed": true,
        "rtol": 0.015
      }
    },
    {
      "case_id": "wide-slots8-r64-bf16",
      "cuda_graph_dynamic_replay": {
        "all_finite": true,
        "atol": 0.08,
        "max_abs_error": 0.00048573315143585205,
        "mean_abs_error": 3.163444489473477e-05,
        "passed": true,
        "rtol": 0.04
      },
      "cuda_graph_first_replay": {
        "all_finite": true,
        "atol": 0.08,
        "max_abs_error": 0.0004849731922149658,
        "mean_abs_error": 3.1823889003135264e-05,
        "passed": true,
        "rtol": 0.04
      },
      "eager": {
        "all_finite": true,
        "atol": 0.08,
        "base_output_alias": true,
        "max_abs_error": 0.00034990906715393066,
        "mean_abs_error": 3.1780255085323006e-05,
        "passed": true,
        "rtol": 0.04
      }
    }
  ],
  "environment": {
    "compute_capability": [
      12,
      0
    ],
    "cuda": "12.8",
    "gpu": "NVIDIA RTX PRO 4000 Blackwell",
    "python_cuda_graph": true,
    "torch": "2.8.0+cu128"
  },
  "fresh_process": true,
  "performance": [
    {
      "case_id": "control-slots1-fp16",
      "eager_peak_temporary_bytes": 33792,
      "iterations_per_sample": 300,
      "max_us": 6.343786716461182,
      "median_us": 6.266880035400391,
      "min_us": 6.258133252461751,
      "samples_us": [
        6.343786716461182,
        6.269439856211345,
        6.266880035400391,
        6.263999938964844,
        6.258133252461751
      ],
      "shape": {
        "dtype": "float16",
        "rank": 16,
        "slice_dims": [
          4096
        ],
        "slots": 1,
        "tokens": 4
      },
      "weight": 0.1
    },
    {
      "case_id": "control-slots3-bf16",
      "eager_peak_temporary_bytes": 132608,
      "iterations_per_sample": 300,
      "max_us": 20.558932622273762,
      "median_us": 20.50421396891276,
      "min_us": 20.503039360046387,
      "samples_us": [
        20.558932622273762,
        20.50421396891276,
        20.50314744313558,
        20.503039360046387,
        20.519359906514484
      ],
      "shape": {
        "dtype": "bfloat16",
        "rank": 32,
        "slice_dims": [
          4096
        ],
        "slots": 3,
        "tokens": 16
      },
      "weight": 0.15
    },
    {
      "case_id": "decode-slots4-r16-fp16",
      "eager_peak_temporary_bytes": 2048,
      "iterations_per_sample": 300,
      "max_us": 20.570133527119953,
      "median_us": 20.50495942433675,
      "min_us": 20.499946276346844,
      "samples_us": [
        20.570133527119953,
        20.50282637278239,
        20.499946276346844,
        20.50495942433675,
        20.50506591796875
      ],
      "shape": {
        "dtype": "float16",
        "rank": 16,
        "slice_dims": [
          4096
        ],
        "slots": 4,
        "tokens": 4
      },
      "weight": 0.2
    },
    {
      "case_id": "batch-slots4-r32-bf16",
      "eager_peak_temporary_bytes": 5120,
      "iterations_per_sample": 300,
      "max_us": 22.642879486083984,
      "median_us": 22.568213144938152,
      "min_us": 22.563625971476238,
      "samples_us": [
        22.642879486083984,
        22.5655460357666,
        22.57045269012451,
        22.563625971476238,
        22.568213144938152
      ],
      "shape": {
        "dtype": "bfloat16",
        "rank": 32,
        "slice_dims": [
          4096
        ],
        "slots": 4,
        "tokens": 32
      },
      "weight": 0.2
    },
    {
      "case_id": "qkv-slots4-r32-fp16",
      "eager_peak_temporary_bytes": 7168,
      "iterations_per_sample": 300,
      "max_us": 34.941441218058266,
      "median_us": 34.86015955607096,
      "min_us": 34.851840337117515,
      "samples_us": [
        34.941441218058266,
        34.86175855000814,
        34.86015955607096,
        34.851840337117515,
        34.85706647237142
      ],
      "shape": {
        "dtype": "float16",
        "rank": 32,
        "slice_dims": [
          4096,
          1024,
          1024
        ],
        "slots": 4,
        "tokens": 16
      },
      "weight": 0.15
    },
    {
      "case_id": "wide-slots8-r64-bf16",
      "eager_peak_temporary_bytes": 17408,
      "iterations_per_sample": 300,
      "max_us": 57.00042724609375,
      "median_us": 56.39381408691406,
      "min_us": 56.155198415120445,
      "samples_us": [
        57.00042724609375,
        56.723734537760414,
        56.39381408691406,
        56.155198415120445,
        56.26335779825846
      ],
      "shape": {
        "dtype": "bfloat16",
        "rank": 64,
        "slice_dims": [
          8192
        ],
        "slots": 8,
        "tokens": 64
      },
      "weight": 0.2
    }
  ],
  "replay_index": 7,
  "schema_version": "0.5",
  "source_sha256": "sha256:8842d8b62f766265142e341e5acc59492ccb41756237bcd9a217568311a76402",
  "special_contracts": {
    "empty_weights": {
      "passed": true,
      "shape": [
        3,
        128
      ]
    },
    "gradient": {
      "error": null,
      "passed": true
    },
    "mixed_output_dtype": {
      "all_finite": true,
      "atol": 0.08,
      "max_abs_error": 1.3675540685653687e-05,
      "mean_abs_error": 1.5050143247208325e-06,
      "passed": true,
      "rtol": 0.04
    }
  },
  "variant": "candidate",
  "wall_time_seconds": 2.719177059829235
}
