{
  "benchmark": "sglang-graph-lora-b-cuda-graph-v1",
  "correctness": [
    {
      "case_id": "control-slots1-fp16",
      "cuda_graph_dynamic_replay": {
        "all_finite": true,
        "atol": 0.025,
        "max_abs_error": 3.7260353565216064e-05,
        "mean_abs_error": 3.883178578689694e-06,
        "passed": true,
        "rtol": 0.015
      },
      "cuda_graph_first_replay": {
        "all_finite": true,
        "atol": 0.025,
        "max_abs_error": 3.7610530853271484e-05,
        "mean_abs_error": 3.673696255646064e-06,
        "passed": true,
        "rtol": 0.015
      },
      "eager": {
        "all_finite": true,
        "atol": 0.025,
        "base_output_alias": true,
        "max_abs_error": 3.7610530853271484e-05,
        "mean_abs_error": 3.824173745670123e-06,
        "passed": true,
        "rtol": 0.015
      }
    },
    {
      "case_id": "control-slots3-bf16",
      "cuda_graph_dynamic_replay": {
        "all_finite": true,
        "atol": 0.08,
        "max_abs_error": 0.000461481511592865,
        "mean_abs_error": 3.3745433029253036e-05,
        "passed": true,
        "rtol": 0.04
      },
      "cuda_graph_first_replay": {
        "all_finite": true,
        "atol": 0.08,
        "max_abs_error": 0.0003655478358268738,
        "mean_abs_error": 3.390794154256582e-05,
        "passed": true,
        "rtol": 0.04
      },
      "eager": {
        "all_finite": true,
        "atol": 0.08,
        "base_output_alias": true,
        "max_abs_error": 0.00036591291427612305,
        "mean_abs_error": 3.3821899705799296e-05,
        "passed": true,
        "rtol": 0.04
      }
    },
    {
      "case_id": "decode-slots4-r16-fp16",
      "cuda_graph_dynamic_replay": {
        "all_finite": true,
        "atol": 0.025,
        "max_abs_error": 3.0234456062316895e-05,
        "mean_abs_error": 3.1827371458348352e-06,
        "passed": true,
        "rtol": 0.015
      },
      "cuda_graph_first_replay": {
        "all_finite": true,
        "atol": 0.025,
        "max_abs_error": 3.00481915473938e-05,
        "mean_abs_error": 3.142412879242329e-06,
        "passed": true,
        "rtol": 0.015
      },
      "eager": {
        "all_finite": true,
        "atol": 0.025,
        "base_output_alias": true,
        "max_abs_error": 3.0249357223510742e-05,
        "mean_abs_error": 3.1087317893252475e-06,
        "passed": true,
        "rtol": 0.015
      }
    },
    {
      "case_id": "batch-slots4-r32-bf16",
      "cuda_graph_dynamic_replay": {
        "all_finite": true,
        "atol": 0.08,
        "max_abs_error": 0.00024399161338806152,
        "mean_abs_error": 2.7063650122727267e-05,
        "passed": true,
        "rtol": 0.04
      },
      "cuda_graph_first_replay": {
        "all_finite": true,
        "atol": 0.08,
        "max_abs_error": 0.00024412572383880615,
        "mean_abs_error": 2.727326864260249e-05,
        "passed": true,
        "rtol": 0.04
      },
      "eager": {
        "all_finite": true,
        "atol": 0.08,
        "base_output_alias": true,
        "max_abs_error": 0.00024393200874328613,
        "mean_abs_error": 2.7419489924795926e-05,
        "passed": true,
        "rtol": 0.04
      }
    },
    {
      "case_id": "qkv-slots4-r32-fp16",
      "cuda_graph_dynamic_replay": {
        "all_finite": true,
        "atol": 0.025,
        "max_abs_error": 3.0487775802612305e-05,
        "mean_abs_error": 3.4113286346837413e-06,
        "passed": true,
        "rtol": 0.015
      },
      "cuda_graph_first_replay": {
        "all_finite": true,
        "atol": 0.025,
        "max_abs_error": 3.0510127544403076e-05,
        "mean_abs_error": 3.4930030778923538e-06,
        "passed": true,
        "rtol": 0.015
      },
      "eager": {
        "all_finite": true,
        "atol": 0.025,
        "base_output_alias": true,
        "max_abs_error": 3.0547380447387695e-05,
        "mean_abs_error": 3.482899955997709e-06,
        "passed": true,
        "rtol": 0.015
      }
    },
    {
      "case_id": "wide-slots8-r64-bf16",
      "cuda_graph_dynamic_replay": {
        "all_finite": true,
        "atol": 0.08,
        "max_abs_error": 0.0003903806209564209,
        "mean_abs_error": 3.173454024363309e-05,
        "passed": true,
        "rtol": 0.04
      },
      "cuda_graph_first_replay": {
        "all_finite": true,
        "atol": 0.08,
        "max_abs_error": 0.0004444718360900879,
        "mean_abs_error": 3.183975422871299e-05,
        "passed": true,
        "rtol": 0.04
      },
      "eager": {
        "all_finite": true,
        "atol": 0.08,
        "base_output_alias": true,
        "max_abs_error": 0.0002989470958709717,
        "mean_abs_error": 3.1714669603388757e-05,
        "passed": true,
        "rtol": 0.04
      }
    }
  ],
  "environment": {
    "compute_capability": [
      12,
      0
    ],
    "cuda": "12.8",
    "gpu": "NVIDIA RTX PRO 4000 Blackwell",
    "python_cuda_graph": true,
    "torch": "2.8.0+cu128"
  },
  "fresh_process": true,
  "performance": [
    {
      "case_id": "control-slots1-fp16",
      "eager_peak_temporary_bytes": 33792,
      "iterations_per_sample": 300,
      "max_us": 6.246826648712158,
      "median_us": 6.1902932325998945,
      "min_us": 6.179946660995483,
      "samples_us": [
        6.246826648712158,
        6.203626791636149,
        6.186773379643758,
        6.1902932325998945,
        6.179946660995483
      ],
      "shape": {
        "dtype": "float16",
        "rank": 16,
        "slice_dims": [
          4096
        ],
        "slots": 1,
        "tokens": 4
      },
      "weight": 0.1
    },
    {
      "case_id": "control-slots3-bf16",
      "eager_peak_temporary_bytes": 132608,
      "iterations_per_sample": 300,
      "max_us": 20.57813326517741,
      "median_us": 20.499199231465656,
      "min_us": 20.498240788777668,
      "samples_us": [
        20.57813326517741,
        20.501866340637207,
        20.498240788777668,
        20.498560269673664,
        20.499199231465656
      ],
      "shape": {
        "dtype": "bfloat16",
        "rank": 32,
        "slice_dims": [
          4096
        ],
        "slots": 3,
        "tokens": 16
      },
      "weight": 0.15
    },
    {
      "case_id": "decode-slots4-r16-fp16",
      "eager_peak_temporary_bytes": 2048,
      "iterations_per_sample": 300,
      "max_us": 20.55733362833659,
      "median_us": 20.49418608347575,
      "min_us": 20.490986506144207,
      "samples_us": [
        20.55733362833659,
        20.49418608347575,
        20.501227378845215,
        20.491414070129395,
        20.490986506144207
      ],
      "shape": {
        "dtype": "float16",
        "rank": 16,
        "slice_dims": [
          4096
        ],
        "slots": 4,
        "tokens": 4
      },
      "weight": 0.2
    },
    {
      "case_id": "batch-slots4-r32-bf16",
      "eager_peak_temporary_bytes": 5120,
      "iterations_per_sample": 300,
      "max_us": 22.628374099731445,
      "median_us": 22.5654395421346,
      "min_us": 22.562987009684246,
      "samples_us": [
        22.628374099731445,
        22.5654395421346,
        22.571946779886883,
        22.564373016357422,
        22.562987009684246
      ],
      "shape": {
        "dtype": "bfloat16",
        "rank": 32,
        "slice_dims": [
          4096
        ],
        "slots": 4,
        "tokens": 32
      },
      "weight": 0.2
    },
    {
      "case_id": "qkv-slots4-r32-fp16",
      "eager_peak_temporary_bytes": 7168,
      "iterations_per_sample": 300,
      "max_us": 34.994239807128906,
      "median_us": 34.855146408081055,
      "min_us": 34.84736124674479,
      "samples_us": [
        34.994239807128906,
        34.857705434163414,
        34.855146408081055,
        34.84736124674479,
        34.85429445902506
      ],
      "shape": {
        "dtype": "float16",
        "rank": 32,
        "slice_dims": [
          4096,
          1024,
          1024
        ],
        "slots": 4,
        "tokens": 16
      },
      "weight": 0.15
    },
    {
      "case_id": "wide-slots8-r64-bf16",
      "eager_peak_temporary_bytes": 17408,
      "iterations_per_sample": 300,
      "max_us": 56.19530359903971,
      "median_us": 56.11562728881836,
      "min_us": 55.78101476033529,
      "samples_us": [
        56.16874694824219,
        55.78101476033529,
        56.01184209187826,
        56.19530359903971,
        56.11562728881836
      ],
      "shape": {
        "dtype": "bfloat16",
        "rank": 64,
        "slice_dims": [
          8192
        ],
        "slots": 8,
        "tokens": 64
      },
      "weight": 0.2
    }
  ],
  "replay_index": 4,
  "schema_version": "0.5",
  "source_sha256": "sha256:8842d8b62f766265142e341e5acc59492ccb41756237bcd9a217568311a76402",
  "special_contracts": {
    "empty_weights": {
      "passed": true,
      "shape": [
        3,
        128
      ]
    },
    "gradient": {
      "error": null,
      "passed": true
    },
    "mixed_output_dtype": {
      "all_finite": true,
      "atol": 0.08,
      "max_abs_error": 1.376122236251831e-05,
      "mean_abs_error": 1.4875359966026735e-06,
      "passed": true,
      "rtol": 0.04
    }
  },
  "variant": "candidate",
  "wall_time_seconds": 2.944724228233099
}
