{
  "benchmark": "sglang-graph-lora-b-cuda-graph-v1",
  "correctness": [
    {
      "case_id": "control-slots1-fp16",
      "cuda_graph_dynamic_replay": {
        "all_finite": true,
        "atol": 0.025,
        "max_abs_error": 3.759562969207764e-05,
        "mean_abs_error": 3.9006895349302795e-06,
        "passed": true,
        "rtol": 0.015
      },
      "cuda_graph_first_replay": {
        "all_finite": true,
        "atol": 0.025,
        "max_abs_error": 3.8042664527893066e-05,
        "mean_abs_error": 3.6510148220258998e-06,
        "passed": true,
        "rtol": 0.015
      },
      "eager": {
        "all_finite": true,
        "atol": 0.025,
        "base_output_alias": true,
        "max_abs_error": 3.793835639953613e-05,
        "mean_abs_error": 3.7476593206520192e-06,
        "passed": true,
        "rtol": 0.015
      }
    },
    {
      "case_id": "control-slots3-bf16",
      "cuda_graph_dynamic_replay": {
        "all_finite": true,
        "atol": 0.08,
        "max_abs_error": 0.00036519765853881836,
        "mean_abs_error": 3.4211068850709125e-05,
        "passed": true,
        "rtol": 0.04
      },
      "cuda_graph_first_replay": {
        "all_finite": true,
        "atol": 0.08,
        "max_abs_error": 0.0003634318709373474,
        "mean_abs_error": 3.450390795478597e-05,
        "passed": true,
        "rtol": 0.04
      },
      "eager": {
        "all_finite": true,
        "atol": 0.08,
        "base_output_alias": true,
        "max_abs_error": 0.00042822957038879395,
        "mean_abs_error": 3.550742258084938e-05,
        "passed": true,
        "rtol": 0.04
      }
    },
    {
      "case_id": "decode-slots4-r16-fp16",
      "cuda_graph_dynamic_replay": {
        "all_finite": true,
        "atol": 0.025,
        "max_abs_error": 3.0077993869781494e-05,
        "mean_abs_error": 3.24951543007046e-06,
        "passed": true,
        "rtol": 0.015
      },
      "cuda_graph_first_replay": {
        "all_finite": true,
        "atol": 0.025,
        "max_abs_error": 3.0428171157836914e-05,
        "mean_abs_error": 3.217476205463754e-06,
        "passed": true,
        "rtol": 0.015
      },
      "eager": {
        "all_finite": true,
        "atol": 0.025,
        "base_output_alias": true,
        "max_abs_error": 2.9832124710083008e-05,
        "mean_abs_error": 3.209404212611844e-06,
        "passed": true,
        "rtol": 0.015
      }
    },
    {
      "case_id": "batch-slots4-r32-bf16",
      "cuda_graph_dynamic_replay": {
        "all_finite": true,
        "atol": 0.08,
        "max_abs_error": 0.00024407356977462769,
        "mean_abs_error": 2.7252537620370276e-05,
        "passed": true,
        "rtol": 0.04
      },
      "cuda_graph_first_replay": {
        "all_finite": true,
        "atol": 0.08,
        "max_abs_error": 0.00024383515119552612,
        "mean_abs_error": 2.7428042812971398e-05,
        "passed": true,
        "rtol": 0.04
      },
      "eager": {
        "all_finite": true,
        "atol": 0.08,
        "base_output_alias": true,
        "max_abs_error": 0.0002439245581626892,
        "mean_abs_error": 2.785290780593641e-05,
        "passed": true,
        "rtol": 0.04
      }
    },
    {
      "case_id": "qkv-slots4-r32-fp16",
      "cuda_graph_dynamic_replay": {
        "all_finite": true,
        "atol": 0.025,
        "max_abs_error": 3.0517578125e-05,
        "mean_abs_error": 3.4455856621207204e-06,
        "passed": true,
        "rtol": 0.015
      },
      "cuda_graph_first_replay": {
        "all_finite": true,
        "atol": 0.025,
        "max_abs_error": 3.0435621738433838e-05,
        "mean_abs_error": 3.4044032872770913e-06,
        "passed": true,
        "rtol": 0.015
      },
      "eager": {
        "all_finite": true,
        "atol": 0.025,
        "base_output_alias": true,
        "max_abs_error": 3.0517578125e-05,
        "mean_abs_error": 3.4517847780080047e-06,
        "passed": true,
        "rtol": 0.015
      }
    },
    {
      "case_id": "wide-slots8-r64-bf16",
      "cuda_graph_dynamic_replay": {
        "all_finite": true,
        "atol": 0.08,
        "max_abs_error": 0.0004316270351409912,
        "mean_abs_error": 3.1526375096291304e-05,
        "passed": true,
        "rtol": 0.04
      },
      "cuda_graph_first_replay": {
        "all_finite": true,
        "atol": 0.08,
        "max_abs_error": 0.0004531294107437134,
        "mean_abs_error": 3.1704163120593876e-05,
        "passed": true,
        "rtol": 0.04
      },
      "eager": {
        "all_finite": true,
        "atol": 0.08,
        "base_output_alias": true,
        "max_abs_error": 0.00040394067764282227,
        "mean_abs_error": 3.179860141244717e-05,
        "passed": true,
        "rtol": 0.04
      }
    }
  ],
  "environment": {
    "compute_capability": [
      12,
      0
    ],
    "cuda": "12.8",
    "gpu": "NVIDIA RTX PRO 4000 Blackwell",
    "python_cuda_graph": true,
    "torch": "2.8.0+cu128"
  },
  "fresh_process": true,
  "performance": [
    {
      "case_id": "control-slots1-fp16",
      "eager_peak_temporary_bytes": 33792,
      "iterations_per_sample": 300,
      "max_us": 6.23744010925293,
      "median_us": 6.194133361180623,
      "min_us": 6.183893283208211,
      "samples_us": [
        6.23744010925293,
        6.218239863713582,
        6.183893283208211,
        6.1876265207926435,
        6.194133361180623
      ],
      "shape": {
        "dtype": "float16",
        "rank": 16,
        "slice_dims": [
          4096
        ],
        "slots": 1,
        "tokens": 4
      },
      "weight": 0.1
    },
    {
      "case_id": "control-slots3-bf16",
      "eager_peak_temporary_bytes": 132608,
      "iterations_per_sample": 300,
      "max_us": 20.560107231140137,
      "median_us": 20.50015926361084,
      "min_us": 20.49887975056966,
      "samples_us": [
        20.560107231140137,
        20.502293904622395,
        20.50015926361084,
        20.49887975056966,
        20.49898624420166
      ],
      "shape": {
        "dtype": "bfloat16",
        "rank": 32,
        "slice_dims": [
          4096
        ],
        "slots": 3,
        "tokens": 16
      },
      "weight": 0.15
    },
    {
      "case_id": "decode-slots4-r16-fp16",
      "eager_peak_temporary_bytes": 2048,
      "iterations_per_sample": 300,
      "max_us": 20.560213724772137,
      "median_us": 20.499733289082844,
      "min_us": 20.497600237528484,
      "samples_us": [
        20.560213724772137,
        20.501866340637207,
        20.499733289082844,
        20.49898624420166,
        20.497600237528484
      ],
      "shape": {
        "dtype": "float16",
        "rank": 16,
        "slice_dims": [
          4096
        ],
        "slots": 4,
        "tokens": 4
      },
      "weight": 0.2
    },
    {
      "case_id": "batch-slots4-r32-bf16",
      "eager_peak_temporary_bytes": 5120,
      "iterations_per_sample": 300,
      "max_us": 22.637227376302082,
      "median_us": 22.568853696187336,
      "min_us": 22.56245295206706,
      "samples_us": [
        22.637227376302082,
        22.568853696187336,
        22.56970723470052,
        22.56245295206706,
        22.562880516052246
      ],
      "shape": {
        "dtype": "bfloat16",
        "rank": 32,
        "slice_dims": [
          4096
        ],
        "slots": 4,
        "tokens": 32
      },
      "weight": 0.2
    },
    {
      "case_id": "qkv-slots4-r32-fp16",
      "eager_peak_temporary_bytes": 7168,
      "iterations_per_sample": 300,
      "max_us": 34.9398390452067,
      "median_us": 34.85685348510742,
      "min_us": 34.85504150390625,
      "samples_us": [
        34.9398390452067,
        34.85696156819662,
        34.85504150390625,
        34.85685348510742,
        34.85504150390625
      ],
      "shape": {
        "dtype": "float16",
        "rank": 32,
        "slice_dims": [
          4096,
          1024,
          1024
        ],
        "slots": 4,
        "tokens": 16
      },
      "weight": 0.15
    },
    {
      "case_id": "wide-slots8-r64-bf16",
      "eager_peak_temporary_bytes": 17408,
      "iterations_per_sample": 300,
      "max_us": 55.882879892985024,
      "median_us": 55.56266784667969,
      "min_us": 55.39285024007162,
      "samples_us": [
        55.882879892985024,
        55.6549326578776,
        55.56266784667969,
        55.49898783365885,
        55.39285024007162
      ],
      "shape": {
        "dtype": "bfloat16",
        "rank": 64,
        "slice_dims": [
          8192
        ],
        "slots": 8,
        "tokens": 64
      },
      "weight": 0.2
    }
  ],
  "replay_index": 2,
  "schema_version": "0.5",
  "source_sha256": "sha256:8842d8b62f766265142e341e5acc59492ccb41756237bcd9a217568311a76402",
  "special_contracts": {
    "empty_weights": {
      "passed": true,
      "shape": [
        3,
        128
      ]
    },
    "gradient": {
      "error": null,
      "passed": true
    },
    "mixed_output_dtype": {
      "all_finite": true,
      "atol": 0.08,
      "max_abs_error": 7.623806595802307e-06,
      "mean_abs_error": 1.1744884886866203e-06,
      "passed": true,
      "rtol": 0.04
    }
  },
  "variant": "candidate",
  "wall_time_seconds": 2.811773184686899
}
