{
  "benchmark": "sglang-graph-lora-b-cuda-graph-v1",
  "correctness": [
    {
      "case_id": "control-slots1-fp16",
      "cuda_graph_dynamic_replay": {
        "all_finite": true,
        "atol": 0.025,
        "max_abs_error": 4.484504461288452e-05,
        "mean_abs_error": 4.0101067497744225e-06,
        "passed": true,
        "rtol": 0.015
      },
      "cuda_graph_first_replay": {
        "all_finite": true,
        "atol": 0.025,
        "max_abs_error": 4.558265209197998e-05,
        "mean_abs_error": 3.6811065911024343e-06,
        "passed": true,
        "rtol": 0.015
      },
      "eager": {
        "all_finite": true,
        "atol": 0.025,
        "base_output_alias": true,
        "max_abs_error": 3.844499588012695e-05,
        "mean_abs_error": 3.63973936146067e-06,
        "passed": true,
        "rtol": 0.015
      }
    },
    {
      "case_id": "control-slots3-bf16",
      "cuda_graph_dynamic_replay": {
        "all_finite": true,
        "atol": 0.08,
        "max_abs_error": 0.0003659874200820923,
        "mean_abs_error": 3.408530028536916e-05,
        "passed": true,
        "rtol": 0.04
      },
      "cuda_graph_first_replay": {
        "all_finite": true,
        "atol": 0.08,
        "max_abs_error": 0.0003588348627090454,
        "mean_abs_error": 3.550776091287844e-05,
        "passed": true,
        "rtol": 0.04
      },
      "eager": {
        "all_finite": true,
        "atol": 0.08,
        "base_output_alias": true,
        "max_abs_error": 0.00036181509494781494,
        "mean_abs_error": 3.420095890760422e-05,
        "passed": true,
        "rtol": 0.04
      }
    },
    {
      "case_id": "decode-slots4-r16-fp16",
      "cuda_graph_dynamic_replay": {
        "all_finite": true,
        "atol": 0.025,
        "max_abs_error": 3.591179847717285e-05,
        "mean_abs_error": 3.5575046695157653e-06,
        "passed": true,
        "rtol": 0.015
      },
      "cuda_graph_first_replay": {
        "all_finite": true,
        "atol": 0.025,
        "max_abs_error": 3.8333237171173096e-05,
        "mean_abs_error": 3.6814965369558195e-06,
        "passed": true,
        "rtol": 0.015
      },
      "eager": {
        "all_finite": true,
        "atol": 0.025,
        "base_output_alias": true,
        "max_abs_error": 4.082918167114258e-05,
        "mean_abs_error": 3.7410663935588673e-06,
        "passed": true,
        "rtol": 0.015
      }
    },
    {
      "case_id": "batch-slots4-r32-bf16",
      "cuda_graph_dynamic_replay": {
        "all_finite": true,
        "atol": 0.08,
        "max_abs_error": 0.0003653094172477722,
        "mean_abs_error": 3.403032314963639e-05,
        "passed": true,
        "rtol": 0.04
      },
      "cuda_graph_first_replay": {
        "all_finite": true,
        "atol": 0.08,
        "max_abs_error": 0.0003660619258880615,
        "mean_abs_error": 3.440351065364666e-05,
        "passed": true,
        "rtol": 0.04
      },
      "eager": {
        "all_finite": true,
        "atol": 0.08,
        "base_output_alias": true,
        "max_abs_error": 0.00036594271659851074,
        "mean_abs_error": 3.5543202102417126e-05,
        "passed": true,
        "rtol": 0.04
      }
    },
    {
      "case_id": "qkv-slots4-r32-fp16",
      "cuda_graph_dynamic_replay": {
        "all_finite": true,
        "atol": 0.025,
        "max_abs_error": 4.567950963973999e-05,
        "mean_abs_error": 4.280441316950601e-06,
        "passed": true,
        "rtol": 0.015
      },
      "cuda_graph_first_replay": {
        "all_finite": true,
        "atol": 0.025,
        "max_abs_error": 4.563480615615845e-05,
        "mean_abs_error": 4.381672624731436e-06,
        "passed": true,
        "rtol": 0.015
      },
      "eager": {
        "all_finite": true,
        "atol": 0.025,
        "base_output_alias": true,
        "max_abs_error": 4.564225673675537e-05,
        "mean_abs_error": 4.432042260305025e-06,
        "passed": true,
        "rtol": 0.015
      }
    },
    {
      "case_id": "wide-slots8-r64-bf16",
      "cuda_graph_dynamic_replay": {
        "all_finite": true,
        "atol": 0.08,
        "max_abs_error": 0.0006854832172393799,
        "mean_abs_error": 4.181991971563548e-05,
        "passed": true,
        "rtol": 0.04
      },
      "cuda_graph_first_replay": {
        "all_finite": true,
        "atol": 0.08,
        "max_abs_error": 0.0006444603204727173,
        "mean_abs_error": 4.2206778744002804e-05,
        "passed": true,
        "rtol": 0.04
      },
      "eager": {
        "all_finite": true,
        "atol": 0.08,
        "base_output_alias": true,
        "max_abs_error": 0.0005528032779693604,
        "mean_abs_error": 4.226579039823264e-05,
        "passed": true,
        "rtol": 0.04
      }
    }
  ],
  "environment": {
    "compute_capability": [
      12,
      0
    ],
    "cuda": "12.8",
    "gpu": "NVIDIA RTX PRO 4000 Blackwell",
    "python_cuda_graph": true,
    "torch": "2.8.0+cu128"
  },
  "fresh_process": true,
  "performance": [
    {
      "case_id": "control-slots1-fp16",
      "eager_peak_temporary_bytes": 33792,
      "iterations_per_sample": 300,
      "max_us": 6.2248531977335615,
      "median_us": 6.184426546096802,
      "min_us": 6.181866725285848,
      "samples_us": [
        6.2248531977335615,
        6.184426546096802,
        6.181866725285848,
        6.182080109914144,
        6.1979734897613525
      ],
      "shape": {
        "dtype": "float16",
        "rank": 16,
        "slice_dims": [
          4096
        ],
        "slots": 1,
        "tokens": 4
      },
      "weight": 0.1
    },
    {
      "case_id": "control-slots3-bf16",
      "eager_peak_temporary_bytes": 132608,
      "iterations_per_sample": 300,
      "max_us": 20.562772750854492,
      "median_us": 20.500799814860027,
      "min_us": 20.499520301818848,
      "samples_us": [
        20.562772750854492,
        20.499626795450848,
        20.500799814860027,
        20.501866340637207,
        20.499520301818848
      ],
      "shape": {
        "dtype": "bfloat16",
        "rank": 32,
        "slice_dims": [
          4096
        ],
        "slots": 3,
        "tokens": 16
      },
      "weight": 0.15
    },
    {
      "case_id": "decode-slots4-r16-fp16",
      "eager_peak_temporary_bytes": 33792,
      "iterations_per_sample": 300,
      "max_us": 22.632427215576172,
      "median_us": 22.56618658701579,
      "min_us": 22.56245295206706,
      "samples_us": [
        22.632427215576172,
        22.56853262583415,
        22.56245295206706,
        22.565867106119793,
        22.56618658701579
      ],
      "shape": {
        "dtype": "float16",
        "rank": 16,
        "slice_dims": [
          4096
        ],
        "slots": 4,
        "tokens": 4
      },
      "weight": 0.2
    },
    {
      "case_id": "batch-slots4-r32-bf16",
      "eager_peak_temporary_bytes": 264704,
      "iterations_per_sample": 300,
      "max_us": 26.734399795532227,
      "median_us": 26.663039525349934,
      "min_us": 26.65642738342285,
      "samples_us": [
        26.734399795532227,
        26.66368007659912,
        26.661653518676758,
        26.663039525349934,
        26.65642738342285
      ],
      "shape": {
        "dtype": "bfloat16",
        "rank": 32,
        "slice_dims": [
          4096
        ],
        "slots": 4,
        "tokens": 32
      },
      "weight": 0.2
    },
    {
      "case_id": "qkv-slots4-r32-fp16",
      "eager_peak_temporary_bytes": 134656,
      "iterations_per_sample": 300,
      "max_us": 53.383680979410805,
      "median_us": 53.29951922098795,
      "min_us": 53.296426137288414,
      "samples_us": [
        53.383680979410805,
        53.30442746480306,
        53.296426137288414,
        53.29951922098795,
        53.29941431681315
      ],
      "shape": {
        "dtype": "float16",
        "rank": 32,
        "slice_dims": [
          4096,
          1024,
          1024
        ],
        "slots": 4,
        "tokens": 16
      },
      "weight": 0.15
    },
    {
      "case_id": "wide-slots8-r64-bf16",
      "eager_peak_temporary_bytes": 1057280,
      "iterations_per_sample": 300,
      "max_us": 65.6222915649414,
      "median_us": 65.53418477376302,
      "min_us": 65.53173065185547,
      "samples_us": [
        65.6222915649414,
        65.53728103637695,
        65.53301493326823,
        65.53418477376302,
        65.53173065185547
      ],
      "shape": {
        "dtype": "bfloat16",
        "rank": 64,
        "slice_dims": [
          8192
        ],
        "slots": 8,
        "tokens": 64
      },
      "weight": 0.2
    }
  ],
  "replay_index": 1,
  "schema_version": "0.5",
  "source_sha256": "sha256:390676cc38975095ba124d1932aa8c27dc2b4605e18c495c095ae852f4c96790",
  "special_contracts": {
    "empty_weights": {
      "passed": true,
      "shape": [
        3,
        128
      ]
    },
    "gradient": {
      "error": null,
      "passed": true
    },
    "mixed_output_dtype": {
      "all_finite": true,
      "atol": 0.08,
      "max_abs_error": 7.528811693191528e-06,
      "mean_abs_error": 1.4225183804228436e-06,
      "passed": true,
      "rtol": 0.04
    }
  },
  "variant": "baseline",
  "wall_time_seconds": 2.9060588367283344
}
