{
  "benchmark": "sglang-graph-lora-b-cuda-graph-v1",
  "correctness": [
    {
      "case_id": "control-slots1-fp16",
      "cuda_graph_dynamic_replay": {
        "all_finite": true,
        "atol": 0.025,
        "max_abs_error": 4.472583532333374e-05,
        "mean_abs_error": 3.766528607229702e-06,
        "passed": true,
        "rtol": 0.015
      },
      "cuda_graph_first_replay": {
        "all_finite": true,
        "atol": 0.025,
        "max_abs_error": 3.542006015777588e-05,
        "mean_abs_error": 3.647124913186417e-06,
        "passed": true,
        "rtol": 0.015
      },
      "eager": {
        "all_finite": true,
        "atol": 0.025,
        "base_output_alias": true,
        "max_abs_error": 4.147738218307495e-05,
        "mean_abs_error": 3.857371211779537e-06,
        "passed": true,
        "rtol": 0.015
      }
    },
    {
      "case_id": "control-slots3-bf16",
      "cuda_graph_dynamic_replay": {
        "all_finite": true,
        "atol": 0.08,
        "max_abs_error": 0.00036303699016571045,
        "mean_abs_error": 3.512096736812964e-05,
        "passed": true,
        "rtol": 0.04
      },
      "cuda_graph_first_replay": {
        "all_finite": true,
        "atol": 0.08,
        "max_abs_error": 0.000476837158203125,
        "mean_abs_error": 3.5811637644656e-05,
        "passed": true,
        "rtol": 0.04
      },
      "eager": {
        "all_finite": true,
        "atol": 0.08,
        "base_output_alias": true,
        "max_abs_error": 0.0003633946180343628,
        "mean_abs_error": 3.4436943678883836e-05,
        "passed": true,
        "rtol": 0.04
      }
    },
    {
      "case_id": "decode-slots4-r16-fp16",
      "cuda_graph_dynamic_replay": {
        "all_finite": true,
        "atol": 0.025,
        "max_abs_error": 4.065781831741333e-05,
        "mean_abs_error": 3.853594080283074e-06,
        "passed": true,
        "rtol": 0.015
      },
      "cuda_graph_first_replay": {
        "all_finite": true,
        "atol": 0.025,
        "max_abs_error": 4.2885541915893555e-05,
        "mean_abs_error": 3.901559921359876e-06,
        "passed": true,
        "rtol": 0.015
      },
      "eager": {
        "all_finite": true,
        "atol": 0.025,
        "base_output_alias": true,
        "max_abs_error": 3.793090581893921e-05,
        "mean_abs_error": 3.6908422771375626e-06,
        "passed": true,
        "rtol": 0.015
      }
    },
    {
      "case_id": "batch-slots4-r32-bf16",
      "cuda_graph_dynamic_replay": {
        "all_finite": true,
        "atol": 0.08,
        "max_abs_error": 0.0003660619258880615,
        "mean_abs_error": 3.438852581894025e-05,
        "passed": true,
        "rtol": 0.04
      },
      "cuda_graph_first_replay": {
        "all_finite": true,
        "atol": 0.08,
        "max_abs_error": 0.000364646315574646,
        "mean_abs_error": 3.406941323191859e-05,
        "passed": true,
        "rtol": 0.04
      },
      "eager": {
        "all_finite": true,
        "atol": 0.08,
        "base_output_alias": true,
        "max_abs_error": 0.00040446221828460693,
        "mean_abs_error": 3.389058110769838e-05,
        "passed": true,
        "rtol": 0.04
      }
    },
    {
      "case_id": "qkv-slots4-r32-fp16",
      "cuda_graph_dynamic_replay": {
        "all_finite": true,
        "atol": 0.025,
        "max_abs_error": 4.552304744720459e-05,
        "mean_abs_error": 4.303614332457073e-06,
        "passed": true,
        "rtol": 0.015
      },
      "cuda_graph_first_replay": {
        "all_finite": true,
        "atol": 0.025,
        "max_abs_error": 4.576146602630615e-05,
        "mean_abs_error": 4.339313363743713e-06,
        "passed": true,
        "rtol": 0.015
      },
      "eager": {
        "all_finite": true,
        "atol": 0.025,
        "base_output_alias": true,
        "max_abs_error": 4.9754977226257324e-05,
        "mean_abs_error": 4.380911832413403e-06,
        "passed": true,
        "rtol": 0.015
      }
    },
    {
      "case_id": "wide-slots8-r64-bf16",
      "cuda_graph_dynamic_replay": {
        "all_finite": true,
        "atol": 0.08,
        "max_abs_error": 0.0006857812404632568,
        "mean_abs_error": 4.173112756689079e-05,
        "passed": true,
        "rtol": 0.04
      },
      "cuda_graph_first_replay": {
        "all_finite": true,
        "atol": 0.08,
        "max_abs_error": 0.0006661713123321533,
        "mean_abs_error": 4.205336517770775e-05,
        "passed": true,
        "rtol": 0.04
      },
      "eager": {
        "all_finite": true,
        "atol": 0.08,
        "base_output_alias": true,
        "max_abs_error": 0.0007044374942779541,
        "mean_abs_error": 4.208098107483238e-05,
        "passed": true,
        "rtol": 0.04
      }
    }
  ],
  "environment": {
    "compute_capability": [
      12,
      0
    ],
    "cuda": "12.8",
    "gpu": "NVIDIA RTX PRO 4000 Blackwell",
    "python_cuda_graph": true,
    "torch": "2.8.0+cu128"
  },
  "fresh_process": true,
  "performance": [
    {
      "case_id": "control-slots1-fp16",
      "eager_peak_temporary_bytes": 33792,
      "iterations_per_sample": 300,
      "max_us": 6.223040024439494,
      "median_us": 6.181333462397258,
      "min_us": 6.17578665415446,
      "samples_us": [
        6.223040024439494,
        6.18559996287028,
        6.178986628850301,
        6.17578665415446,
        6.181333462397258
      ],
      "shape": {
        "dtype": "float16",
        "rank": 16,
        "slice_dims": [
          4096
        ],
        "slots": 1,
        "tokens": 4
      },
      "weight": 0.1
    },
    {
      "case_id": "control-slots3-bf16",
      "eager_peak_temporary_bytes": 132608,
      "iterations_per_sample": 300,
      "max_us": 20.566827456156414,
      "median_us": 20.50144036610921,
      "min_us": 20.49887975056966,
      "samples_us": [
        20.566827456156414,
        20.50037384033203,
        20.49887975056966,
        20.503466924031574,
        20.50144036610921
      ],
      "shape": {
        "dtype": "bfloat16",
        "rank": 32,
        "slice_dims": [
          4096
        ],
        "slots": 3,
        "tokens": 16
      },
      "weight": 0.15
    },
    {
      "case_id": "decode-slots4-r16-fp16",
      "eager_peak_temporary_bytes": 33792,
      "iterations_per_sample": 300,
      "max_us": 22.62976010640462,
      "median_us": 22.56597359975179,
      "min_us": 22.559146881103516,
      "samples_us": [
        22.62976010640462,
        22.56597359975179,
        22.559146881103516,
        22.567680676778156,
        22.560319900512695
      ],
      "shape": {
        "dtype": "float16",
        "rank": 16,
        "slice_dims": [
          4096
        ],
        "slots": 4,
        "tokens": 4
      },
      "weight": 0.2
    },
    {
      "case_id": "batch-slots4-r32-bf16",
      "eager_peak_temporary_bytes": 264704,
      "iterations_per_sample": 300,
      "max_us": 26.73653284708659,
      "median_us": 26.66240056355794,
      "min_us": 26.658560434977215,
      "samples_us": [
        26.73653284708659,
        26.658560434977215,
        26.66240056355794,
        26.66133403778076,
        26.663254102071125
      ],
      "shape": {
        "dtype": "bfloat16",
        "rank": 32,
        "slice_dims": [
          4096
        ],
        "slots": 4,
        "tokens": 32
      },
      "weight": 0.2
    },
    {
      "case_id": "qkv-slots4-r32-fp16",
      "eager_peak_temporary_bytes": 134656,
      "iterations_per_sample": 300,
      "max_us": 53.37866465250651,
      "median_us": 53.29962730407715,
      "min_us": 53.29301198323568,
      "samples_us": [
        53.37866465250651,
        53.29632123311361,
        53.29962730407715,
        53.30069224039713,
        53.29301198323568
      ],
      "shape": {
        "dtype": "float16",
        "rank": 32,
        "slice_dims": [
          4096,
          1024,
          1024
        ],
        "slots": 4,
        "tokens": 16
      },
      "weight": 0.15
    },
    {
      "case_id": "wide-slots8-r64-bf16",
      "eager_peak_temporary_bytes": 1057280,
      "iterations_per_sample": 300,
      "max_us": 65.62538782755534,
      "median_us": 65.5345090230306,
      "min_us": 65.53290685017903,
      "samples_us": [
        65.62538782755534,
        65.5351448059082,
        65.5345090230306,
        65.53290685017903,
        65.53301493326823
      ],
      "shape": {
        "dtype": "bfloat16",
        "rank": 64,
        "slice_dims": [
          8192
        ],
        "slots": 8,
        "tokens": 64
      },
      "weight": 0.2
    }
  ],
  "replay_index": 7,
  "schema_version": "0.5",
  "source_sha256": "sha256:390676cc38975095ba124d1932aa8c27dc2b4605e18c495c095ae852f4c96790",
  "special_contracts": {
    "empty_weights": {
      "passed": true,
      "shape": [
        3,
        128
      ]
    },
    "gradient": {
      "error": null,
      "passed": true
    },
    "mixed_output_dtype": {
      "all_finite": true,
      "atol": 0.08,
      "max_abs_error": 1.3675540685653687e-05,
      "mean_abs_error": 1.5050143247208325e-06,
      "passed": true,
      "rtol": 0.04
    }
  },
  "variant": "baseline",
  "wall_time_seconds": 3.019211534410715
}
