{
  "benchmark": "sglang-graph-lora-b-cuda-graph-v1",
  "correctness": [
    {
      "case_id": "control-slots1-fp16",
      "cuda_graph_dynamic_replay": {
        "all_finite": true,
        "atol": 0.025,
        "max_abs_error": 4.1857361793518066e-05,
        "mean_abs_error": 3.7282607081579044e-06,
        "passed": true,
        "rtol": 0.015
      },
      "cuda_graph_first_replay": {
        "all_finite": true,
        "atol": 0.025,
        "max_abs_error": 3.661215305328369e-05,
        "mean_abs_error": 3.7374577459559077e-06,
        "passed": true,
        "rtol": 0.015
      },
      "eager": {
        "all_finite": true,
        "atol": 0.025,
        "base_output_alias": true,
        "max_abs_error": 3.701448440551758e-05,
        "mean_abs_error": 3.587094852264272e-06,
        "passed": true,
        "rtol": 0.015
      }
    },
    {
      "case_id": "control-slots3-bf16",
      "cuda_graph_dynamic_replay": {
        "all_finite": true,
        "atol": 0.08,
        "max_abs_error": 0.0003967583179473877,
        "mean_abs_error": 3.5286342608742416e-05,
        "passed": true,
        "rtol": 0.04
      },
      "cuda_graph_first_replay": {
        "all_finite": true,
        "atol": 0.08,
        "max_abs_error": 0.0004314631223678589,
        "mean_abs_error": 3.4044198400806636e-05,
        "passed": true,
        "rtol": 0.04
      },
      "eager": {
        "all_finite": true,
        "atol": 0.08,
        "base_output_alias": true,
        "max_abs_error": 0.00036472082138061523,
        "mean_abs_error": 3.4864115150412545e-05,
        "passed": true,
        "rtol": 0.04
      }
    },
    {
      "case_id": "decode-slots4-r16-fp16",
      "cuda_graph_dynamic_replay": {
        "all_finite": true,
        "atol": 0.025,
        "max_abs_error": 3.7863850593566895e-05,
        "mean_abs_error": 3.724613634403795e-06,
        "passed": true,
        "rtol": 0.015
      },
      "cuda_graph_first_replay": {
        "all_finite": true,
        "atol": 0.025,
        "max_abs_error": 3.539770841598511e-05,
        "mean_abs_error": 3.4230383789690677e-06,
        "passed": true,
        "rtol": 0.015
      },
      "eager": {
        "all_finite": true,
        "atol": 0.025,
        "base_output_alias": true,
        "max_abs_error": 4.2557716369628906e-05,
        "mean_abs_error": 3.6977799027226865e-06,
        "passed": true,
        "rtol": 0.015
      }
    },
    {
      "case_id": "batch-slots4-r32-bf16",
      "cuda_graph_dynamic_replay": {
        "all_finite": true,
        "atol": 0.08,
        "max_abs_error": 0.0003634542226791382,
        "mean_abs_error": 3.434284735703841e-05,
        "passed": true,
        "rtol": 0.04
      },
      "cuda_graph_first_replay": {
        "all_finite": true,
        "atol": 0.08,
        "max_abs_error": 0.0003662034869194031,
        "mean_abs_error": 3.368683974258602e-05,
        "passed": true,
        "rtol": 0.04
      },
      "eager": {
        "all_finite": true,
        "atol": 0.08,
        "base_output_alias": true,
        "max_abs_error": 0.00042395293712615967,
        "mean_abs_error": 3.521858889143914e-05,
        "passed": true,
        "rtol": 0.04
      }
    },
    {
      "case_id": "qkv-slots4-r32-fp16",
      "cuda_graph_dynamic_replay": {
        "all_finite": true,
        "atol": 0.025,
        "max_abs_error": 4.550069570541382e-05,
        "mean_abs_error": 4.291830464353552e-06,
        "passed": true,
        "rtol": 0.015
      },
      "cuda_graph_first_replay": {
        "all_finite": true,
        "atol": 0.025,
        "max_abs_error": 4.5746564865112305e-05,
        "mean_abs_error": 4.36528443970019e-06,
        "passed": true,
        "rtol": 0.015
      },
      "eager": {
        "all_finite": true,
        "atol": 0.025,
        "base_output_alias": true,
        "max_abs_error": 4.513561725616455e-05,
        "mean_abs_error": 4.351104962552199e-06,
        "passed": true,
        "rtol": 0.015
      }
    },
    {
      "case_id": "wide-slots8-r64-bf16",
      "cuda_graph_dynamic_replay": {
        "all_finite": true,
        "atol": 0.08,
        "max_abs_error": 0.0005879700183868408,
        "mean_abs_error": 4.174998321104795e-05,
        "passed": true,
        "rtol": 0.04
      },
      "cuda_graph_first_replay": {
        "all_finite": true,
        "atol": 0.08,
        "max_abs_error": 0.000482708215713501,
        "mean_abs_error": 4.173048728262074e-05,
        "passed": true,
        "rtol": 0.04
      },
      "eager": {
        "all_finite": true,
        "atol": 0.08,
        "base_output_alias": true,
        "max_abs_error": 0.0004764869809150696,
        "mean_abs_error": 4.124087718082592e-05,
        "passed": true,
        "rtol": 0.04
      }
    }
  ],
  "environment": {
    "compute_capability": [
      12,
      0
    ],
    "cuda": "12.8",
    "gpu": "NVIDIA RTX PRO 4000 Blackwell",
    "python_cuda_graph": true,
    "torch": "2.8.0+cu128"
  },
  "fresh_process": true,
  "performance": [
    {
      "case_id": "control-slots1-fp16",
      "eager_peak_temporary_bytes": 33792,
      "iterations_per_sample": 300,
      "max_us": 6.226026614507039,
      "median_us": 6.186879873275757,
      "min_us": 6.178773244222005,
      "samples_us": [
        6.226026614507039,
        6.186879873275757,
        6.189546585083008,
        6.178773244222005,
        6.18069330851237
      ],
      "shape": {
        "dtype": "float16",
        "rank": 16,
        "slice_dims": [
          4096
        ],
        "slots": 1,
        "tokens": 4
      },
      "weight": 0.1
    },
    {
      "case_id": "control-slots3-bf16",
      "eager_peak_temporary_bytes": 132608,
      "iterations_per_sample": 300,
      "max_us": 20.56458632151286,
      "median_us": 20.503360430399578,
      "min_us": 20.50037384033203,
      "samples_us": [
        20.56458632151286,
        20.507413546244305,
        20.50037384033203,
        20.50271987915039,
        20.503360430399578
      ],
      "shape": {
        "dtype": "bfloat16",
        "rank": 32,
        "slice_dims": [
          4096
        ],
        "slots": 3,
        "tokens": 16
      },
      "weight": 0.15
    },
    {
      "case_id": "decode-slots4-r16-fp16",
      "eager_peak_temporary_bytes": 33792,
      "iterations_per_sample": 300,
      "max_us": 22.63253370920817,
      "median_us": 22.56735960642497,
      "min_us": 22.557652791341145,
      "samples_us": [
        22.63253370920817,
        22.561386426289875,
        22.56735960642497,
        22.570239702860516,
        22.557652791341145
      ],
      "shape": {
        "dtype": "float16",
        "rank": 16,
        "slice_dims": [
          4096
        ],
        "slots": 4,
        "tokens": 4
      },
      "weight": 0.2
    },
    {
      "case_id": "batch-slots4-r32-bf16",
      "eager_peak_temporary_bytes": 264704,
      "iterations_per_sample": 300,
      "max_us": 26.735251744588215,
      "median_us": 26.66218598683675,
      "min_us": 26.65983994801839,
      "samples_us": [
        26.735251744588215,
        26.65983994801839,
        26.66218598683675,
        26.66240056355794,
        26.66122595469157
      ],
      "shape": {
        "dtype": "bfloat16",
        "rank": 32,
        "slice_dims": [
          4096
        ],
        "slots": 4,
        "tokens": 32
      },
      "weight": 0.2
    },
    {
      "case_id": "qkv-slots4-r32-fp16",
      "eager_peak_temporary_bytes": 134656,
      "iterations_per_sample": 300,
      "max_us": 53.37770462036133,
      "median_us": 53.30047925313314,
      "min_us": 53.29951922098795,
      "samples_us": [
        53.37770462036133,
        53.29951922098795,
        53.30005327860514,
        53.30293337504069,
        53.30047925313314
      ],
      "shape": {
        "dtype": "float16",
        "rank": 32,
        "slice_dims": [
          4096,
          1024,
          1024
        ],
        "slots": 4,
        "tokens": 16
      },
      "weight": 0.15
    },
    {
      "case_id": "wide-slots8-r64-bf16",
      "eager_peak_temporary_bytes": 1057280,
      "iterations_per_sample": 300,
      "max_us": 65.62154769897461,
      "median_us": 65.53781509399414,
      "min_us": 65.5349349975586,
      "samples_us": [
        65.62154769897461,
        65.53866704305013,
        65.53632100423177,
        65.5349349975586,
        65.53781509399414
      ],
      "shape": {
        "dtype": "bfloat16",
        "rank": 64,
        "slice_dims": [
          8192
        ],
        "slots": 8,
        "tokens": 64
      },
      "weight": 0.2
    }
  ],
  "replay_index": 6,
  "schema_version": "0.5",
  "source_sha256": "sha256:390676cc38975095ba124d1932aa8c27dc2b4605e18c495c095ae852f4c96790",
  "special_contracts": {
    "empty_weights": {
      "passed": true,
      "shape": [
        3,
        128
      ]
    },
    "gradient": {
      "error": null,
      "passed": true
    },
    "mixed_output_dtype": {
      "all_finite": true,
      "atol": 0.08,
      "max_abs_error": 1.0073184967041016e-05,
      "mean_abs_error": 1.3857151088814135e-06,
      "passed": true,
      "rtol": 0.04
    }
  },
  "variant": "baseline",
  "wall_time_seconds": 3.426916040480137
}
