{
  "benchmark": "sglang-graph-lora-b-cuda-graph-v1",
  "correctness": [
    {
      "case_id": "control-slots1-fp16",
      "cuda_graph_dynamic_replay": {
        "all_finite": true,
        "atol": 0.025,
        "max_abs_error": 3.7260353565216064e-05,
        "mean_abs_error": 3.883178578689694e-06,
        "passed": true,
        "rtol": 0.015
      },
      "cuda_graph_first_replay": {
        "all_finite": true,
        "atol": 0.025,
        "max_abs_error": 3.7610530853271484e-05,
        "mean_abs_error": 3.673696255646064e-06,
        "passed": true,
        "rtol": 0.015
      },
      "eager": {
        "all_finite": true,
        "atol": 0.025,
        "base_output_alias": true,
        "max_abs_error": 3.7610530853271484e-05,
        "mean_abs_error": 3.824173745670123e-06,
        "passed": true,
        "rtol": 0.015
      }
    },
    {
      "case_id": "control-slots3-bf16",
      "cuda_graph_dynamic_replay": {
        "all_finite": true,
        "atol": 0.08,
        "max_abs_error": 0.000461481511592865,
        "mean_abs_error": 3.3745433029253036e-05,
        "passed": true,
        "rtol": 0.04
      },
      "cuda_graph_first_replay": {
        "all_finite": true,
        "atol": 0.08,
        "max_abs_error": 0.0003655478358268738,
        "mean_abs_error": 3.390794154256582e-05,
        "passed": true,
        "rtol": 0.04
      },
      "eager": {
        "all_finite": true,
        "atol": 0.08,
        "base_output_alias": true,
        "max_abs_error": 0.00036591291427612305,
        "mean_abs_error": 3.3821899705799296e-05,
        "passed": true,
        "rtol": 0.04
      }
    },
    {
      "case_id": "decode-slots4-r16-fp16",
      "cuda_graph_dynamic_replay": {
        "all_finite": true,
        "atol": 0.025,
        "max_abs_error": 3.72081995010376e-05,
        "mean_abs_error": 3.781341547437478e-06,
        "passed": true,
        "rtol": 0.015
      },
      "cuda_graph_first_replay": {
        "all_finite": true,
        "atol": 0.025,
        "max_abs_error": 3.761798143386841e-05,
        "mean_abs_error": 3.7062964111100882e-06,
        "passed": true,
        "rtol": 0.015
      },
      "eager": {
        "all_finite": true,
        "atol": 0.025,
        "base_output_alias": true,
        "max_abs_error": 3.691762685775757e-05,
        "mean_abs_error": 3.654541160358349e-06,
        "passed": true,
        "rtol": 0.015
      }
    },
    {
      "case_id": "batch-slots4-r32-bf16",
      "cuda_graph_dynamic_replay": {
        "all_finite": true,
        "atol": 0.08,
        "max_abs_error": 0.00036323070526123047,
        "mean_abs_error": 3.3799173252191395e-05,
        "passed": true,
        "rtol": 0.04
      },
      "cuda_graph_first_replay": {
        "all_finite": true,
        "atol": 0.08,
        "max_abs_error": 0.00036213546991348267,
        "mean_abs_error": 3.416264371480793e-05,
        "passed": true,
        "rtol": 0.04
      },
      "eager": {
        "all_finite": true,
        "atol": 0.08,
        "base_output_alias": true,
        "max_abs_error": 0.00036400556564331055,
        "mean_abs_error": 3.4530050470493734e-05,
        "passed": true,
        "rtol": 0.04
      }
    },
    {
      "case_id": "qkv-slots4-r32-fp16",
      "cuda_graph_dynamic_replay": {
        "all_finite": true,
        "atol": 0.025,
        "max_abs_error": 4.56199049949646e-05,
        "mean_abs_error": 4.2760957512655295e-06,
        "passed": true,
        "rtol": 0.015
      },
      "cuda_graph_first_replay": {
        "all_finite": true,
        "atol": 0.025,
        "max_abs_error": 5.7719647884368896e-05,
        "mean_abs_error": 4.402667400427163e-06,
        "passed": true,
        "rtol": 0.015
      },
      "eager": {
        "all_finite": true,
        "atol": 0.025,
        "base_output_alias": true,
        "max_abs_error": 4.538893699645996e-05,
        "mean_abs_error": 4.409908342495328e-06,
        "passed": true,
        "rtol": 0.015
      }
    },
    {
      "case_id": "wide-slots8-r64-bf16",
      "cuda_graph_dynamic_replay": {
        "all_finite": true,
        "atol": 0.08,
        "max_abs_error": 0.000719606876373291,
        "mean_abs_error": 4.197168891550973e-05,
        "passed": true,
        "rtol": 0.04
      },
      "cuda_graph_first_replay": {
        "all_finite": true,
        "atol": 0.08,
        "max_abs_error": 0.0007151365280151367,
        "mean_abs_error": 4.213809370412491e-05,
        "passed": true,
        "rtol": 0.04
      },
      "eager": {
        "all_finite": true,
        "atol": 0.08,
        "base_output_alias": true,
        "max_abs_error": 0.0006776154041290283,
        "mean_abs_error": 4.199163959128782e-05,
        "passed": true,
        "rtol": 0.04
      }
    }
  ],
  "environment": {
    "compute_capability": [
      12,
      0
    ],
    "cuda": "12.8",
    "gpu": "NVIDIA RTX PRO 4000 Blackwell",
    "python_cuda_graph": true,
    "torch": "2.8.0+cu128"
  },
  "fresh_process": true,
  "performance": [
    {
      "case_id": "control-slots1-fp16",
      "eager_peak_temporary_bytes": 33792,
      "iterations_per_sample": 300,
      "max_us": 6.224426825841268,
      "median_us": 6.180906693140666,
      "min_us": 6.177386840184529,
      "samples_us": [
        6.224426825841268,
        6.177386840184529,
        6.180906693140666,
        6.191999912261963,
        6.180373430252075
      ],
      "shape": {
        "dtype": "float16",
        "rank": 16,
        "slice_dims": [
          4096
        ],
        "slots": 1,
        "tokens": 4
      },
      "weight": 0.1
    },
    {
      "case_id": "control-slots3-bf16",
      "eager_peak_temporary_bytes": 132608,
      "iterations_per_sample": 300,
      "max_us": 20.5570125579834,
      "median_us": 20.50389289855957,
      "min_us": 20.50165335337321,
      "samples_us": [
        20.5570125579834,
        20.506772994995117,
        20.50165335337321,
        20.50389289855957,
        20.50165335337321
      ],
      "shape": {
        "dtype": "bfloat16",
        "rank": 32,
        "slice_dims": [
          4096
        ],
        "slots": 3,
        "tokens": 16
      },
      "weight": 0.15
    },
    {
      "case_id": "decode-slots4-r16-fp16",
      "eager_peak_temporary_bytes": 33792,
      "iterations_per_sample": 300,
      "max_us": 22.631680170694988,
      "median_us": 22.5655460357666,
      "min_us": 22.56074587504069,
      "samples_us": [
        22.631680170694988,
        22.567466100056965,
        22.5655460357666,
        22.56074587504069,
        22.562559445699055
      ],
      "shape": {
        "dtype": "float16",
        "rank": 16,
        "slice_dims": [
          4096
        ],
        "slots": 4,
        "tokens": 4
      },
      "weight": 0.2
    },
    {
      "case_id": "batch-slots4-r32-bf16",
      "eager_peak_temporary_bytes": 264704,
      "iterations_per_sample": 300,
      "max_us": 26.737918853759766,
      "median_us": 26.66634718577067,
      "min_us": 26.662720044453938,
      "samples_us": [
        26.737918853759766,
        26.666560173034668,
        26.662720044453938,
        26.66634718577067,
        26.665172576904297
      ],
      "shape": {
        "dtype": "bfloat16",
        "rank": 32,
        "slice_dims": [
          4096
        ],
        "slots": 4,
        "tokens": 32
      },
      "weight": 0.2
    },
    {
      "case_id": "qkv-slots4-r32-fp16",
      "eager_peak_temporary_bytes": 134656,
      "iterations_per_sample": 300,
      "max_us": 53.381544748942055,
      "median_us": 53.296213150024414,
      "min_us": 53.29002698262533,
      "samples_us": [
        53.381544748942055,
        53.29546610514323,
        53.296213150024414,
        53.298025131225586,
        53.29002698262533
      ],
      "shape": {
        "dtype": "float16",
        "rank": 32,
        "slice_dims": [
          4096,
          1024,
          1024
        ],
        "slots": 4,
        "tokens": 16
      },
      "weight": 0.15
    },
    {
      "case_id": "wide-slots8-r64-bf16",
      "eager_peak_temporary_bytes": 1057280,
      "iterations_per_sample": 300,
      "max_us": 65.62143961588542,
      "median_us": 65.53621292114258,
      "min_us": 65.5339749654134,
      "samples_us": [
        65.62143961588542,
        65.53578694661458,
        65.53621292114258,
        65.5339749654134,
        65.53962707519531
      ],
      "shape": {
        "dtype": "bfloat16",
        "rank": 64,
        "slice_dims": [
          8192
        ],
        "slots": 8,
        "tokens": 64
      },
      "weight": 0.2
    }
  ],
  "replay_index": 4,
  "schema_version": "0.5",
  "source_sha256": "sha256:390676cc38975095ba124d1932aa8c27dc2b4605e18c495c095ae852f4c96790",
  "special_contracts": {
    "empty_weights": {
      "passed": true,
      "shape": [
        3,
        128
      ]
    },
    "gradient": {
      "error": null,
      "passed": true
    },
    "mixed_output_dtype": {
      "all_finite": true,
      "atol": 0.08,
      "max_abs_error": 1.376122236251831e-05,
      "mean_abs_error": 1.4875359966026735e-06,
      "passed": true,
      "rtol": 0.04
    }
  },
  "variant": "baseline",
  "wall_time_seconds": 3.1006385013461113
}
