{
  "benchmark": "sglang-graph-lora-b-cuda-graph-v1",
  "correctness": [
    {
      "case_id": "control-slots1-fp16",
      "cuda_graph_dynamic_replay": {
        "all_finite": true,
        "atol": 0.025,
        "max_abs_error": 3.7863850593566895e-05,
        "mean_abs_error": 3.8163975659699645e-06,
        "passed": true,
        "rtol": 0.015
      },
      "cuda_graph_first_replay": {
        "all_finite": true,
        "atol": 0.025,
        "max_abs_error": 4.284083843231201e-05,
        "mean_abs_error": 4.0150653148884885e-06,
        "passed": true,
        "rtol": 0.015
      },
      "eager": {
        "all_finite": true,
        "atol": 0.025,
        "base_output_alias": true,
        "max_abs_error": 3.184378147125244e-05,
        "mean_abs_error": 3.525613465171773e-06,
        "passed": true,
        "rtol": 0.015
      }
    },
    {
      "case_id": "control-slots3-bf16",
      "cuda_graph_dynamic_replay": {
        "all_finite": true,
        "atol": 0.08,
        "max_abs_error": 0.00036343932151794434,
        "mean_abs_error": 3.488930087769404e-05,
        "passed": true,
        "rtol": 0.04
      },
      "cuda_graph_first_replay": {
        "all_finite": true,
        "atol": 0.08,
        "max_abs_error": 0.00036438554525375366,
        "mean_abs_error": 3.443233435973525e-05,
        "passed": true,
        "rtol": 0.04
      },
      "eager": {
        "all_finite": true,
        "atol": 0.08,
        "base_output_alias": true,
        "max_abs_error": 0.0003594011068344116,
        "mean_abs_error": 3.4616212360560894e-05,
        "passed": true,
        "rtol": 0.04
      }
    },
    {
      "case_id": "decode-slots4-r16-fp16",
      "cuda_graph_dynamic_replay": {
        "all_finite": true,
        "atol": 0.025,
        "max_abs_error": 3.986060619354248e-05,
        "mean_abs_error": 3.7830639030289603e-06,
        "passed": true,
        "rtol": 0.015
      },
      "cuda_graph_first_replay": {
        "all_finite": true,
        "atol": 0.025,
        "max_abs_error": 4.4576823711395264e-05,
        "mean_abs_error": 3.6150540836388245e-06,
        "passed": true,
        "rtol": 0.015
      },
      "eager": {
        "all_finite": true,
        "atol": 0.025,
        "base_output_alias": true,
        "max_abs_error": 4.0471553802490234e-05,
        "mean_abs_error": 3.576593826437602e-06,
        "passed": true,
        "rtol": 0.015
      }
    },
    {
      "case_id": "batch-slots4-r32-bf16",
      "cuda_graph_dynamic_replay": {
        "all_finite": true,
        "atol": 0.08,
        "max_abs_error": 0.00036610662937164307,
        "mean_abs_error": 3.435767939663492e-05,
        "passed": true,
        "rtol": 0.04
      },
      "cuda_graph_first_replay": {
        "all_finite": true,
        "atol": 0.08,
        "max_abs_error": 0.00036310404539108276,
        "mean_abs_error": 3.4249045711476356e-05,
        "passed": true,
        "rtol": 0.04
      },
      "eager": {
        "all_finite": true,
        "atol": 0.08,
        "base_output_alias": true,
        "max_abs_error": 0.0003639534115791321,
        "mean_abs_error": 3.4361502912361175e-05,
        "passed": true,
        "rtol": 0.04
      }
    },
    {
      "case_id": "qkv-slots4-r32-fp16",
      "cuda_graph_dynamic_replay": {
        "all_finite": true,
        "atol": 0.025,
        "max_abs_error": 4.451721906661987e-05,
        "mean_abs_error": 4.186034857411869e-06,
        "passed": true,
        "rtol": 0.015
      },
      "cuda_graph_first_replay": {
        "all_finite": true,
        "atol": 0.025,
        "max_abs_error": 4.56199049949646e-05,
        "mean_abs_error": 4.319588242651662e-06,
        "passed": true,
        "rtol": 0.015
      },
      "eager": {
        "all_finite": true,
        "atol": 0.025,
        "base_output_alias": true,
        "max_abs_error": 4.5686960220336914e-05,
        "mean_abs_error": 4.295905455364846e-06,
        "passed": true,
        "rtol": 0.015
      }
    },
    {
      "case_id": "wide-slots8-r64-bf16",
      "cuda_graph_dynamic_replay": {
        "all_finite": true,
        "atol": 0.08,
        "max_abs_error": 0.0007075965404510498,
        "mean_abs_error": 4.2128333006985486e-05,
        "passed": true,
        "rtol": 0.04
      },
      "cuda_graph_first_replay": {
        "all_finite": true,
        "atol": 0.08,
        "max_abs_error": 0.0004926919937133789,
        "mean_abs_error": 4.184263161732815e-05,
        "passed": true,
        "rtol": 0.04
      },
      "eager": {
        "all_finite": true,
        "atol": 0.08,
        "base_output_alias": true,
        "max_abs_error": 0.0005146563053131104,
        "mean_abs_error": 4.1808427340583876e-05,
        "passed": true,
        "rtol": 0.04
      }
    }
  ],
  "environment": {
    "compute_capability": [
      12,
      0
    ],
    "cuda": "12.8",
    "gpu": "NVIDIA RTX PRO 4000 Blackwell",
    "python_cuda_graph": true,
    "torch": "2.8.0+cu128"
  },
  "fresh_process": true,
  "performance": [
    {
      "case_id": "control-slots1-fp16",
      "eager_peak_temporary_bytes": 33792,
      "iterations_per_sample": 20,
      "max_us": 7.334399968385696,
      "median_us": 7.334399968385696,
      "min_us": 7.334399968385696,
      "samples_us": [
        7.334399968385696
      ],
      "shape": {
        "dtype": "float16",
        "rank": 16,
        "slice_dims": [
          4096
        ],
        "slots": 1,
        "tokens": 4
      },
      "weight": 0.1
    },
    {
      "case_id": "control-slots3-bf16",
      "eager_peak_temporary_bytes": 132608,
      "iterations_per_sample": 20,
      "max_us": 21.775999665260315,
      "median_us": 21.775999665260315,
      "min_us": 21.775999665260315,
      "samples_us": [
        21.775999665260315
      ],
      "shape": {
        "dtype": "bfloat16",
        "rank": 32,
        "slice_dims": [
          4096
        ],
        "slots": 3,
        "tokens": 16
      },
      "weight": 0.15
    },
    {
      "case_id": "decode-slots4-r16-fp16",
      "eager_peak_temporary_bytes": 33792,
      "iterations_per_sample": 20,
      "max_us": 24.264000356197357,
      "median_us": 24.264000356197357,
      "min_us": 24.264000356197357,
      "samples_us": [
        24.264000356197357
      ],
      "shape": {
        "dtype": "float16",
        "rank": 16,
        "slice_dims": [
          4096
        ],
        "slots": 4,
        "tokens": 4
      },
      "weight": 0.2
    },
    {
      "case_id": "batch-slots4-r32-bf16",
      "eager_peak_temporary_bytes": 264704,
      "iterations_per_sample": 20,
      "max_us": 28.017601370811462,
      "median_us": 28.017601370811462,
      "min_us": 28.017601370811462,
      "samples_us": [
        28.017601370811462
      ],
      "shape": {
        "dtype": "bfloat16",
        "rank": 32,
        "slice_dims": [
          4096
        ],
        "slots": 4,
        "tokens": 32
      },
      "weight": 0.2
    },
    {
      "case_id": "qkv-slots4-r32-fp16",
      "eager_peak_temporary_bytes": 134656,
      "iterations_per_sample": 20,
      "max_us": 54.96159791946411,
      "median_us": 54.96159791946411,
      "min_us": 54.96159791946411,
      "samples_us": [
        54.96159791946411
      ],
      "shape": {
        "dtype": "float16",
        "rank": 32,
        "slice_dims": [
          4096,
          1024,
          1024
        ],
        "slots": 4,
        "tokens": 16
      },
      "weight": 0.15
    },
    {
      "case_id": "wide-slots8-r64-bf16",
      "eager_peak_temporary_bytes": 1057280,
      "iterations_per_sample": 20,
      "max_us": 67.27679967880249,
      "median_us": 67.27679967880249,
      "min_us": 67.27679967880249,
      "samples_us": [
        67.27679967880249
      ],
      "shape": {
        "dtype": "bfloat16",
        "rank": 64,
        "slice_dims": [
          8192
        ],
        "slots": 8,
        "tokens": 64
      },
      "weight": 0.2
    }
  ],
  "replay_index": 0,
  "schema_version": "0.5",
  "source_sha256": "sha256:390676cc38975095ba124d1932aa8c27dc2b4605e18c495c095ae852f4c96790",
  "special_contracts": {
    "empty_weights": {
      "passed": true,
      "shape": [
        3,
        128
      ]
    },
    "gradient": {
      "error": null,
      "passed": true
    },
    "mixed_output_dtype": {
      "all_finite": true,
      "atol": 0.08,
      "max_abs_error": 9.745359420776367e-06,
      "mean_abs_error": 1.3052338090346893e-06,
      "passed": true,
      "rtol": 0.04
    }
  },
  "variant": "baseline-smoke",
  "wall_time_seconds": 2.583792071789503
}
