{
  "benchmark": "sglang-graph-lora-b-cuda-graph-v1",
  "correctness": [
    {
      "case_id": "control-slots1-fp16",
      "cuda_graph_dynamic_replay": {
        "all_finite": true,
        "atol": 0.025,
        "max_abs_error": 3.7863850593566895e-05,
        "mean_abs_error": 3.8163975659699645e-06,
        "passed": true,
        "rtol": 0.015
      },
      "cuda_graph_first_replay": {
        "all_finite": true,
        "atol": 0.025,
        "max_abs_error": 4.284083843231201e-05,
        "mean_abs_error": 4.0150653148884885e-06,
        "passed": true,
        "rtol": 0.015
      },
      "eager": {
        "all_finite": true,
        "atol": 0.025,
        "base_output_alias": true,
        "max_abs_error": 3.184378147125244e-05,
        "mean_abs_error": 3.525613465171773e-06,
        "passed": true,
        "rtol": 0.015
      }
    },
    {
      "case_id": "control-slots3-bf16",
      "cuda_graph_dynamic_replay": {
        "all_finite": true,
        "atol": 0.08,
        "max_abs_error": 0.00036343932151794434,
        "mean_abs_error": 3.488930087769404e-05,
        "passed": true,
        "rtol": 0.04
      },
      "cuda_graph_first_replay": {
        "all_finite": true,
        "atol": 0.08,
        "max_abs_error": 0.00036438554525375366,
        "mean_abs_error": 3.443233435973525e-05,
        "passed": true,
        "rtol": 0.04
      },
      "eager": {
        "all_finite": true,
        "atol": 0.08,
        "base_output_alias": true,
        "max_abs_error": 0.0003594011068344116,
        "mean_abs_error": 3.4616212360560894e-05,
        "passed": true,
        "rtol": 0.04
      }
    },
    {
      "case_id": "decode-slots4-r16-fp16",
      "cuda_graph_dynamic_replay": {
        "all_finite": true,
        "atol": 0.025,
        "max_abs_error": 2.9966235160827637e-05,
        "mean_abs_error": 3.1852976007940015e-06,
        "passed": true,
        "rtol": 0.015
      },
      "cuda_graph_first_replay": {
        "all_finite": true,
        "atol": 0.025,
        "max_abs_error": 2.9049813747406006e-05,
        "mean_abs_error": 3.0995354336482706e-06,
        "passed": true,
        "rtol": 0.015
      },
      "eager": {
        "all_finite": true,
        "atol": 0.025,
        "base_output_alias": true,
        "max_abs_error": 3.0465424060821533e-05,
        "mean_abs_error": 3.0750888981856406e-06,
        "passed": true,
        "rtol": 0.015
      }
    },
    {
      "case_id": "batch-slots4-r32-bf16",
      "cuda_graph_dynamic_replay": {
        "all_finite": true,
        "atol": 0.08,
        "max_abs_error": 0.00024390965700149536,
        "mean_abs_error": 2.7406855224398896e-05,
        "passed": true,
        "rtol": 0.04
      },
      "cuda_graph_first_replay": {
        "all_finite": true,
        "atol": 0.08,
        "max_abs_error": 0.00024404376745224,
        "mean_abs_error": 2.7390167815610766e-05,
        "passed": true,
        "rtol": 0.04
      },
      "eager": {
        "all_finite": true,
        "atol": 0.08,
        "base_output_alias": true,
        "max_abs_error": 0.00024408847093582153,
        "mean_abs_error": 2.7364016204955988e-05,
        "passed": true,
        "rtol": 0.04
      }
    },
    {
      "case_id": "qkv-slots4-r32-fp16",
      "cuda_graph_dynamic_replay": {
        "all_finite": true,
        "atol": 0.025,
        "max_abs_error": 3.0510127544403076e-05,
        "mean_abs_error": 3.37090432367404e-06,
        "passed": true,
        "rtol": 0.015
      },
      "cuda_graph_first_replay": {
        "all_finite": true,
        "atol": 0.025,
        "max_abs_error": 3.049522638320923e-05,
        "mean_abs_error": 3.4371182664472144e-06,
        "passed": true,
        "rtol": 0.015
      },
      "eager": {
        "all_finite": true,
        "atol": 0.025,
        "base_output_alias": true,
        "max_abs_error": 3.0502676963806152e-05,
        "mean_abs_error": 3.4295189834665507e-06,
        "passed": true,
        "rtol": 0.015
      }
    },
    {
      "case_id": "wide-slots8-r64-bf16",
      "cuda_graph_dynamic_replay": {
        "all_finite": true,
        "atol": 0.08,
        "max_abs_error": 0.0004642009735107422,
        "mean_abs_error": 3.1815969123272225e-05,
        "passed": true,
        "rtol": 0.04
      },
      "cuda_graph_first_replay": {
        "all_finite": true,
        "atol": 0.08,
        "max_abs_error": 0.0004838705062866211,
        "mean_abs_error": 3.166152600897476e-05,
        "passed": true,
        "rtol": 0.04
      },
      "eager": {
        "all_finite": true,
        "atol": 0.08,
        "base_output_alias": true,
        "max_abs_error": 0.00047454237937927246,
        "mean_abs_error": 3.162346183671616e-05,
        "passed": true,
        "rtol": 0.04
      }
    }
  ],
  "environment": {
    "compute_capability": [
      12,
      0
    ],
    "cuda": "12.8",
    "gpu": "NVIDIA RTX PRO 4000 Blackwell",
    "python_cuda_graph": true,
    "torch": "2.8.0+cu128"
  },
  "fresh_process": true,
  "performance": [
    {
      "case_id": "control-slots1-fp16",
      "eager_peak_temporary_bytes": 33792,
      "iterations_per_sample": 20,
      "max_us": 7.4799999594688416,
      "median_us": 7.4799999594688416,
      "min_us": 7.4799999594688416,
      "samples_us": [
        7.4799999594688416
      ],
      "shape": {
        "dtype": "float16",
        "rank": 16,
        "slice_dims": [
          4096
        ],
        "slots": 1,
        "tokens": 4
      },
      "weight": 0.1
    },
    {
      "case_id": "control-slots3-bf16",
      "eager_peak_temporary_bytes": 132608,
      "iterations_per_sample": 20,
      "max_us": 21.804800629615784,
      "median_us": 21.804800629615784,
      "min_us": 21.804800629615784,
      "samples_us": [
        21.804800629615784
      ],
      "shape": {
        "dtype": "bfloat16",
        "rank": 32,
        "slice_dims": [
          4096
        ],
        "slots": 3,
        "tokens": 16
      },
      "weight": 0.15
    },
    {
      "case_id": "decode-slots4-r16-fp16",
      "eager_peak_temporary_bytes": 2048,
      "iterations_per_sample": 20,
      "max_us": 21.71040028333664,
      "median_us": 21.71040028333664,
      "min_us": 21.71040028333664,
      "samples_us": [
        21.71040028333664
      ],
      "shape": {
        "dtype": "float16",
        "rank": 16,
        "slice_dims": [
          4096
        ],
        "slots": 4,
        "tokens": 4
      },
      "weight": 0.2
    },
    {
      "case_id": "batch-slots4-r32-bf16",
      "eager_peak_temporary_bytes": 5120,
      "iterations_per_sample": 20,
      "max_us": 24.12640005350113,
      "median_us": 24.12640005350113,
      "min_us": 24.12640005350113,
      "samples_us": [
        24.12640005350113
      ],
      "shape": {
        "dtype": "bfloat16",
        "rank": 32,
        "slice_dims": [
          4096
        ],
        "slots": 4,
        "tokens": 32
      },
      "weight": 0.2
    },
    {
      "case_id": "qkv-slots4-r32-fp16",
      "eager_peak_temporary_bytes": 7168,
      "iterations_per_sample": 20,
      "max_us": 36.32160127162933,
      "median_us": 36.32160127162933,
      "min_us": 36.32160127162933,
      "samples_us": [
        36.32160127162933
      ],
      "shape": {
        "dtype": "float16",
        "rank": 32,
        "slice_dims": [
          4096,
          1024,
          1024
        ],
        "slots": 4,
        "tokens": 16
      },
      "weight": 0.15
    },
    {
      "case_id": "wide-slots8-r64-bf16",
      "eager_peak_temporary_bytes": 17408,
      "iterations_per_sample": 20,
      "max_us": 58.59360098838806,
      "median_us": 58.59360098838806,
      "min_us": 58.59360098838806,
      "samples_us": [
        58.59360098838806
      ],
      "shape": {
        "dtype": "bfloat16",
        "rank": 64,
        "slice_dims": [
          8192
        ],
        "slots": 8,
        "tokens": 64
      },
      "weight": 0.2
    }
  ],
  "replay_index": 0,
  "schema_version": "0.5",
  "source_sha256": "sha256:8842d8b62f766265142e341e5acc59492ccb41756237bcd9a217568311a76402",
  "special_contracts": {
    "empty_weights": {
      "passed": true,
      "shape": [
        3,
        128
      ]
    },
    "gradient": {
      "error": null,
      "passed": true
    },
    "mixed_output_dtype": {
      "all_finite": true,
      "atol": 0.08,
      "max_abs_error": 9.745359420776367e-06,
      "mean_abs_error": 1.3052338090346893e-06,
      "passed": true,
      "rtol": 0.04
    }
  },
  "variant": "candidate-smoke",
  "wall_time_seconds": 2.3565050177276134
}
