Using Python 3.12.14 environment at: /venv/main
Resolved 25 packages in 503ms
Downloading sympy (6.0MiB)
Downloading networkx (2.0MiB)
Downloading nvidia-cufile-cu12 (1.1MiB)
Downloading triton (148.4MiB)
Downloading torch (847.9MiB)
Downloading nvidia-cuda-nvrtc-cu12 (84.0MiB)
Downloading nvidia-nccl-cu12 (307.4MiB)
Downloading nvidia-cufft-cu12 (184.2MiB)
Downloading nvidia-cusparse-cu12 (274.9MiB)
Downloading nvidia-cuda-cupti-cu12 (9.8MiB)
 Downloaded networkx
 Downloaded sympy
 Downloaded nvidia-nccl-cu12
 Downloaded nvidia-cufft-cu12
 Downloaded triton
 Downloaded nvidia-cuda-nvrtc-cu12
 Downloaded nvidia-cuda-cupti-cu12
 Downloaded nvidia-cufile-cu12
Downloading nvidia-cublas-cu12 (566.8MiB)
Downloading nvidia-cusparselt-cu12 (273.9MiB)
Downloading nvidia-curand-cu12 (60.7MiB)
 Downloaded nvidia-cusparse-cu12
Downloading nvidia-cusolver-cu12 (255.1MiB)
 Downloaded nvidia-cublas-cu12
Downloading nvidia-nvjitlink-cu12 (37.4MiB)
 Downloaded nvidia-cusparselt-cu12
 Downloaded nvidia-curand-cu12
Downloading nvidia-cudnn-cu12 (674.0MiB)
 Downloaded torch
 Downloaded nvidia-nvjitlink-cu12
 Downloaded nvidia-cusolver-cu12
 Downloaded nvidia-cudnn-cu12
Prepared 21 packages in 5m 35s
Installed 21 packages in 1.76s
 + jinja2==3.1.6
 + markupsafe==3.0.3
 + mpmath==1.3.0
 + networkx==3.6.1
 + nvidia-cublas-cu12==12.8.4.1
 + nvidia-cuda-cupti-cu12==12.8.90
 + nvidia-cuda-nvrtc-cu12==12.8.93
 + nvidia-cuda-runtime-cu12==12.8.90
 + nvidia-cudnn-cu12==9.10.2.21
 + nvidia-cufft-cu12==11.3.3.83
 + nvidia-cufile-cu12==1.13.1.3
 + nvidia-curand-cu12==10.3.9.90
 + nvidia-cusolver-cu12==11.7.3.90
 + nvidia-cusparse-cu12==12.5.8.93
 + nvidia-cusparselt-cu12==0.7.1
 + nvidia-nccl-cu12==2.27.3
 + nvidia-nvjitlink-cu12==12.8.93
 + nvidia-nvtx-cu12==12.8.90
 + sympy==1.14.0
 + torch==2.8.0+cu128
 + triton==3.4.0
Using Python 3.12.14 environment at: /venv/main
Resolved 41 packages in 504ms
Downloading cuda-bindings (6.3MiB)
Downloading numpy (15.9MiB)
Downloading cuda-core (4.9MiB)
Downloading nvidia-cuda-nvdisasm (4.6MiB)
Downloading nvidia-cutlass-dsl-libs-base (2.7MiB)
Downloading nvidia-cutlass-dsl-libs-cu12 (84.4MiB)
Downloading apache-tvm-ffi (2.8MiB)
 Downloaded nvidia-cutlass-dsl-libs-base
 Downloaded apache-tvm-ffi
 Downloaded nvidia-cuda-nvdisasm
 Downloaded cuda-core
 Downloaded cuda-bindings
 Downloaded numpy
 Downloaded nvidia-cutlass-dsl-libs-cu12
Prepared 16 packages in 11.15s
Installed 16 packages in 251ms
 + apache-tvm-ffi==0.1.13.post3
 + cuda-bindings==13.3.1
 + cuda-core==1.0.1
 + cuda-pathfinder==1.8.0
 + cuda-python==13.3.1
 + einops==0.8.2
 + flash-attn-4==4.0.0b28
 + numpy==2.5.2
 + nvidia-cuda-nvdisasm==13.3.73
 + nvidia-cutlass-dsl==4.6.2
 + nvidia-cutlass-dsl-libs-base==4.6.2
 + nvidia-cutlass-dsl-libs-core==4.6.2
 + nvidia-cutlass-dsl-libs-cu12==4.6.2
 + protobuf==6.33.6
 + quack-kernels==0.6.4
 + torch-c-dlpack-ext==0.1.5
{"compute_capability": "12.0", "gpu": "NVIDIA RTX PRO 5000 Blackwell", "matmul_finite": true, "torch": "2.8.0+cu128", "torch_cuda": "12.8", "triton": "3.4.0"}
Using Python 3.12.14 environment at: /venv/main
