{
  "baseline_source_sha256": "sha256:390676cc38975095ba124d1932aa8c27dc2b4605e18c495c095ae852f4c96790",
  "benchmark": "sglang-graph-lora-b-paired-cuda-graph-v1",
  "candidate_source_sha256": "sha256:8842d8b62f766265142e341e5acc59492ccb41756237bcd9a217568311a76402",
  "environment": {
    "compute_capability": [
      12,
      0
    ],
    "cuda": "12.8",
    "gpu": "NVIDIA RTX PRO 4000 Blackwell",
    "torch": "2.8.0+cu128"
  },
  "fresh_process": true,
  "iterations_per_sample": 300,
  "replay_index": 4,
  "results": [
    {
      "baseline_median_us": 6.176533301671346,
      "candidate_median_us": 6.187839905420939,
      "case_id": "control-slots1-fp16",
      "paired_ratio_median": 1.0010701649608842,
      "paired_speedup_median": 0.9989309790678598,
      "pairs": [
        {
          "baseline_us": 6.249173482259114,
          "candidate_to_baseline": 0.9920287717084982,
          "candidate_us": 6.199359893798828,
          "order": [
            "baseline",
            "candidate"
          ],
          "sample_index": 0,
          "speedup": 1.0080352793374867
        },
        {
          "baseline_us": 6.1797332763671875,
          "candidate_to_baseline": 1.0010701649608842,
          "candidate_us": 6.186346610387166,
          "order": [
            "candidate",
            "baseline"
          ],
          "sample_index": 1,
          "speedup": 0.9989309790678598
        },
        {
          "baseline_us": 6.176533301671346,
          "candidate_to_baseline": 1.0005353918663797,
          "candidate_us": 6.179840167363484,
          "order": [
            "baseline",
            "candidate"
          ],
          "sample_index": 2,
          "speedup": 0.9994648946246858
        },
        {
          "baseline_us": 6.176213423411052,
          "candidate_to_baseline": 1.0022969899536445,
          "candidate_us": 6.190400123596191,
          "order": [
            "candidate",
            "baseline"
          ],
          "sample_index": 3,
          "speedup": 0.9977082741176837
        },
        {
          "baseline_us": 6.176106532414754,
          "candidate_to_baseline": 1.001899800941678,
          "candidate_us": 6.187839905420939,
          "order": [
            "baseline",
            "candidate"
          ],
          "sample_index": 4,
          "speedup": 0.9981038014580975
        }
      ],
      "slots": 1,
      "weight": 0.1
    },
    {
      "baseline_median_us": 20.499946276346844,
      "candidate_median_us": 20.502932866414387,
      "case_id": "control-slots3-bf16",
      "paired_ratio_median": 0.9999219964383542,
      "paired_speedup_median": 1.0000780096466761,
      "pairs": [
        {
          "baseline_us": 20.574827194213867,
          "candidate_to_baseline": 0.9994297219172036,
          "candidate_us": 20.563093821207683,
          "order": [
            "candidate",
            "baseline"
          ],
          "sample_index": 0,
          "speedup": 1.0005706034854582
        },
        {
          "baseline_us": 20.49898624420166,
          "candidate_to_baseline": 1.0002237756251586,
          "candidate_us": 20.503573417663574,
          "order": [
            "baseline",
            "candidate"
          ],
          "sample_index": 1,
          "speedup": 0.9997762744391686
        },
        {
          "baseline_us": 20.500693321228027,
          "candidate_to_baseline": 1.0001092424120135,
          "candidate_us": 20.502932866414387,
          "order": [
            "candidate",
            "baseline"
          ],
          "sample_index": 2,
          "speedup": 0.9998907695205875
        },
        {
          "baseline_us": 20.49898624420166,
          "candidate_to_baseline": 0.9999219964383542,
          "candidate_us": 20.497387250264484,
          "order": [
            "baseline",
            "candidate"
          ],
          "sample_index": 3,
          "speedup": 1.0000780096466761
        },
        {
          "baseline_us": 20.499946276346844,
          "candidate_to_baseline": 0.9999115329067735,
          "candidate_us": 20.498132705688477,
          "order": [
            "candidate",
            "baseline"
          ],
          "sample_index": 4,
          "speedup": 1.0000884749203456
        }
      ],
      "slots": 3,
      "weight": 0.15
    },
    {
      "baseline_median_us": 22.565120061238606,
      "candidate_median_us": 19.50208028157552,
      "case_id": "decode-slots4-r16-fp16",
      "paired_ratio_median": 0.8642577672376472,
      "paired_speedup_median": 1.1570622074895711,
      "pairs": [
        {
          "baseline_us": 22.691094080607098,
          "candidate_to_baseline": 0.8554075573819616,
          "candidate_us": 19.410133361816406,
          "order": [
            "baseline",
            "candidate"
          ],
          "sample_index": 0,
          "speedup": 1.1690333939304607
        },
        {
          "baseline_us": 22.56106694539388,
          "candidate_to_baseline": 0.8551746784389902,
          "candidate_us": 19.293653170267742,
          "order": [
            "candidate",
            "baseline"
          ],
          "sample_index": 1,
          "speedup": 1.1693517420620656
        },
        {
          "baseline_us": 22.565120061238606,
          "candidate_to_baseline": 0.8642577672376472,
          "candidate_us": 19.50208028157552,
          "order": [
            "baseline",
            "candidate"
          ],
          "sample_index": 2,
          "speedup": 1.1570622074895711
        },
        {
          "baseline_us": 22.565333048502605,
          "candidate_to_baseline": 0.8666320346442317,
          "candidate_us": 19.555840492248535,
          "order": [
            "candidate",
            "baseline"
          ],
          "sample_index": 3,
          "speedup": 1.1538922634108701
        },
        {
          "baseline_us": 22.564266522725422,
          "candidate_to_baseline": 0.9049352541935668,
          "candidate_us": 20.419200261433918,
          "order": [
            "baseline",
            "candidate"
          ],
          "sample_index": 4,
          "speedup": 1.1050514336422337
        }
      ],
      "slots": 4,
      "weight": 0.2
    },
    {
      "baseline_median_us": 26.66250705718994,
      "candidate_median_us": 22.5654395421346,
      "case_id": "batch-slots4-r32-bf16",
      "paired_ratio_median": 0.8462993781287014,
      "paired_speedup_median": 1.181614953104603,
      "pairs": [
        {
          "baseline_us": 26.757866541544598,
          "candidate_to_baseline": 0.8457355728329414,
          "candidate_us": 22.630079587300617,
          "order": [
            "candidate",
            "baseline"
          ],
          "sample_index": 0,
          "speedup": 1.1824026706720192
        },
        {
          "baseline_us": 26.66240056355794,
          "candidate_to_baseline": 0.8462993781287014,
          "candidate_us": 22.564373016357422,
          "order": [
            "baseline",
            "candidate"
          ],
          "sample_index": 1,
          "speedup": 1.181614953104603
        },
        {
          "baseline_us": 26.660480499267578,
          "candidate_to_baseline": 0.84640033186028,
          "candidate_us": 22.5654395421346,
          "order": [
            "candidate",
            "baseline"
          ],
          "sample_index": 2,
          "speedup": 1.1814740169136364
        },
        {
          "baseline_us": 26.67061487833659,
          "candidate_to_baseline": 0.8473905373755192,
          "candidate_us": 22.60042667388916,
          "order": [
            "baseline",
            "candidate"
          ],
          "sample_index": 3,
          "speedup": 1.1800934231542548
        },
        {
          "baseline_us": 26.66250705718994,
          "candidate_to_baseline": 0.8462880096269366,
          "candidate_us": 22.564160029093426,
          "order": [
            "candidate",
            "baseline"
          ],
          "sample_index": 4,
          "speedup": 1.1816308261779855
        }
      ],
      "slots": 4,
      "weight": 0.2
    },
    {
      "baseline_median_us": 53.29749425252279,
      "candidate_median_us": 34.861440658569336,
      "case_id": "qkv-slots4-r32-fp16",
      "paired_ratio_median": 0.6539960214429638,
      "paired_speedup_median": 1.5290612896904479,
      "pairs": [
        {
          "baseline_us": 53.439038594563804,
          "candidate_to_baseline": 0.6531494542567167,
          "candidate_us": 34.90367889404297,
          "order": [
            "baseline",
            "candidate"
          ],
          "sample_index": 0,
          "speedup": 1.53104315326727
        },
        {
          "baseline_us": 53.2643191019694,
          "candidate_to_baseline": 0.6543927709494419,
          "candidate_us": 34.85578536987305,
          "order": [
            "candidate",
            "baseline"
          ],
          "sample_index": 1,
          "speedup": 1.5281342404640645
        },
        {
          "baseline_us": 53.29749425252279,
          "candidate_to_baseline": 0.6546839420057637,
          "candidate_us": 34.89301363627116,
          "order": [
            "baseline",
            "candidate"
          ],
          "sample_index": 2,
          "speedup": 1.5274546018897102
        },
        {
          "baseline_us": 53.29279899597168,
          "candidate_to_baseline": 0.6539470242563661,
          "candidate_us": 34.850667317708336,
          "order": [
            "candidate",
            "baseline"
          ],
          "sample_index": 3,
          "speedup": 1.5291758550887926
        },
        {
          "baseline_us": 53.30527941385905,
          "candidate_to_baseline": 0.6539960214429638,
          "candidate_us": 34.861440658569336,
          "order": [
            "baseline",
            "candidate"
          ],
          "sample_index": 4,
          "speedup": 1.5290612896904479
        }
      ],
      "slots": 4,
      "weight": 0.15
    },
    {
      "baseline_median_us": 65.53813298543294,
      "candidate_median_us": 55.34869511922201,
      "case_id": "wide-slots8-r64-bf16",
      "paired_ratio_median": 0.844541038593718,
      "paired_speedup_median": 1.184075082562173,
      "pairs": [
        {
          "baseline_us": 65.76298395792644,
          "candidate_to_baseline": 0.842743591872983,
          "candidate_us": 55.42133331298828,
          "order": [
            "candidate",
            "baseline"
          ],
          "sample_index": 0,
          "speedup": 1.1866005385784275
        },
        {
          "baseline_us": 65.54357528686523,
          "candidate_to_baseline": 0.844541038593718,
          "candidate_us": 55.35423914591471,
          "order": [
            "baseline",
            "candidate"
          ],
          "sample_index": 1,
          "speedup": 1.184075082562173
        },
        {
          "baseline_us": 65.53290685017903,
          "candidate_to_baseline": 0.8445792769976236,
          "candidate_us": 55.34773508707682,
          "order": [
            "candidate",
            "baseline"
          ],
          "sample_index": 2,
          "speedup": 1.1840214734546628
        },
        {
          "baseline_us": 65.53813298543294,
          "candidate_to_baseline": 0.8445054289973563,
          "candidate_us": 55.34730911254883,
          "order": [
            "baseline",
            "candidate"
          ],
          "sample_index": 3,
          "speedup": 1.1841250105251018
        },
        {
          "baseline_us": 65.53173065185547,
          "candidate_to_baseline": 0.8446090858376386,
          "candidate_us": 55.34869511922201,
          "order": [
            "candidate",
            "baseline"
          ],
          "sample_index": 4,
          "speedup": 1.1839796857125364
        }
      ],
      "slots": 8,
      "weight": 0.2
    }
  ],
  "samples_per_case": 5,
  "schema_version": "0.5"
}
